-- Logs begin at Mon 2019-07-08 08:10:09 CST, end at Mon 2019-07-08 08:21:32 CST. --
7月 08 08:10:09 g kernel: microcode: microcode updated early to revision 0xb4, date = 2019-04-01
7月 08 08:10:09 g kernel: Linux version 4.19.0-5-amd64 (debian-kernel@lists.debian.org) (gcc version 8.3.0 (Debian 8.3.0-7)) #1 SMP Debian 4.19.37-5 (2019-06-19)
7月 08 08:10:09 g kernel: Command line: BOOT_IMAGE=/boot/vmlinuz-4.19.0-5-amd64 root=UUID=b9e4eb2b-348e-4ccf-913e-e690850a231c ro quiet
7月 08 08:10:09 g kernel: x86/fpu: Supporting XSAVE feature 0x001: 'x87 floating point registers'
7月 08 08:10:09 g kernel: x86/fpu: Supporting XSAVE feature 0x002: 'SSE registers'
7月 08 08:10:09 g kernel: x86/fpu: Supporting XSAVE feature 0x004: 'AVX registers'
7月 08 08:10:09 g kernel: x86/fpu: Supporting XSAVE feature 0x008: 'MPX bounds registers'
7月 08 08:10:09 g kernel: x86/fpu: Supporting XSAVE feature 0x010: 'MPX CSR'
7月 08 08:10:09 g kernel: x86/fpu: xstate_offset[2]:  576, xstate_sizes[2]:  256
7月 08 08:10:09 g kernel: x86/fpu: xstate_offset[3]:  832, xstate_sizes[3]:   64
7月 08 08:10:09 g kernel: x86/fpu: xstate_offset[4]:  896, xstate_sizes[4]:   64
7月 08 08:10:09 g kernel: x86/fpu: Enabled xstate features 0x1f, context size is 960 bytes, using 'compacted' format.
7月 08 08:10:09 g kernel: BIOS-provided physical RAM map:
7月 08 08:10:09 g kernel: BIOS-e820: [mem 0x0000000000000000-0x0000000000057fff] usable
7月 08 08:10:09 g kernel: BIOS-e820: [mem 0x0000000000058000-0x0000000000058fff] reserved
7月 08 08:10:09 g kernel: BIOS-e820: [mem 0x0000000000059000-0x000000000009efff] usable
7月 08 08:10:09 g kernel: BIOS-e820: [mem 0x000000000009f000-0x000000000009ffff] reserved
7月 08 08:10:09 g kernel: BIOS-e820: [mem 0x0000000000100000-0x0000000074b39fff] usable
7月 08 08:10:09 g kernel: BIOS-e820: [mem 0x0000000074b3a000-0x0000000074b3afff] ACPI NVS
7月 08 08:10:09 g kernel: BIOS-e820: [mem 0x0000000074b3b000-0x0000000074b3bfff] reserved
7月 08 08:10:09 g kernel: BIOS-e820: [mem 0x0000000074b3c000-0x000000007a306fff] usable
7月 08 08:10:09 g kernel: BIOS-e820: [mem 0x000000007a307000-0x000000007a67dfff] reserved
7月 08 08:10:09 g kernel: BIOS-e820: [mem 0x000000007a67e000-0x000000007a6bcfff] ACPI data
7月 08 08:10:09 g kernel: BIOS-e820: [mem 0x000000007a6bd000-0x000000007aff9fff] ACPI NVS
7月 08 08:10:09 g kernel: BIOS-e820: [mem 0x000000007affa000-0x000000007b58dfff] reserved
7月 08 08:10:09 g kernel: BIOS-e820: [mem 0x000000007b58e000-0x000000007b5fdfff] type 20
7月 08 08:10:09 g kernel: BIOS-e820: [mem 0x000000007b5fe000-0x000000007b5fefff] usable
7月 08 08:10:09 g kernel: BIOS-e820: [mem 0x00000000e0000000-0x00000000efffffff] reserved
7月 08 08:10:09 g kernel: BIOS-e820: [mem 0x00000000fe000000-0x00000000fe010fff] reserved
7月 08 08:10:09 g kernel: BIOS-e820: [mem 0x00000000fec00000-0x00000000fec00fff] reserved
7月 08 08:10:09 g kernel: BIOS-e820: [mem 0x00000000fee00000-0x00000000fee00fff] reserved
7月 08 08:10:09 g kernel: BIOS-e820: [mem 0x00000000ff000000-0x00000000ffffffff] reserved
7月 08 08:10:09 g kernel: BIOS-e820: [mem 0x0000000100000000-0x000000027f7fffff] usable
7月 08 08:10:09 g kernel: NX (Execute Disable) protection: active
7月 08 08:10:09 g kernel: efi: EFI v2.40 by American Megatrends
7月 08 08:10:09 g kernel: efi:  ACPI=0x7a68a000  ACPI 2.0=0x7a68a000  SMBIOS=0xf05e0  ESRT=0x7b361598  MPS=0xfcbb0 
7月 08 08:10:09 g kernel: secureboot: Secure boot could not be determined (mode 0)
7月 08 08:10:09 g kernel: SMBIOS 2.8 present.
7月 08 08:10:09 g kernel: DMI: Dell Inc. Inspiron 5567/02YHJP, BIOS 1.1.0 01/12/2017
7月 08 08:10:09 g kernel: tsc: Detected 2700.000 MHz processor
7月 08 08:10:09 g kernel: tsc: Detected 2712.000 MHz TSC
7月 08 08:10:09 g kernel: e820: update [mem 0x00000000-0x00000fff] usable ==> reserved
7月 08 08:10:09 g kernel: e820: remove [mem 0x000a0000-0x000fffff] usable
7月 08 08:10:09 g kernel: last_pfn = 0x27f800 max_arch_pfn = 0x400000000
7月 08 08:10:09 g kernel: MTRR default type: write-back
7月 08 08:10:09 g kernel: MTRR fixed ranges enabled:
7月 08 08:10:09 g kernel:   00000-9FFFF write-back
7月 08 08:10:09 g kernel:   A0000-BFFFF uncachable
7月 08 08:10:09 g kernel:   C0000-FFFFF write-protect
7月 08 08:10:09 g kernel: MTRR variable ranges enabled:
7月 08 08:10:09 g kernel:   0 base 0080000000 mask 7F80000000 uncachable
7月 08 08:10:09 g kernel:   1 base 007E000000 mask 7FFE000000 uncachable
7月 08 08:10:09 g kernel:   2 base 007D000000 mask 7FFF000000 uncachable
7月 08 08:10:09 g kernel:   3 disabled
7月 08 08:10:09 g kernel:   4 disabled
7月 08 08:10:09 g kernel:   5 disabled
7月 08 08:10:09 g kernel:   6 disabled
7月 08 08:10:09 g kernel:   7 disabled
7月 08 08:10:09 g kernel:   8 disabled
7月 08 08:10:09 g kernel:   9 disabled
7月 08 08:10:09 g kernel: x86/PAT: Configuration [0-7]: WB  WC  UC- UC  WB  WP  UC- WT  
7月 08 08:10:09 g kernel: last_pfn = 0x7b5ff max_arch_pfn = 0x400000000
7月 08 08:10:09 g kernel: found SMP MP-table at [mem 0x000fcdf0-0x000fcdff]
7月 08 08:10:09 g kernel: esrt: Reserving ESRT space from 0x000000007b361598 to 0x000000007b3615d0.
7月 08 08:10:09 g kernel: Base memory trampoline at [(____ptrval____)] 96000 size 24576
7月 08 08:10:09 g kernel: Using GB pages for direct mapping
7月 08 08:10:09 g kernel: BRK [0x1a5601000, 0x1a5601fff] PGTABLE
7月 08 08:10:09 g kernel: BRK [0x1a5602000, 0x1a5602fff] PGTABLE
7月 08 08:10:09 g kernel: BRK [0x1a5603000, 0x1a5603fff] PGTABLE
7月 08 08:10:09 g kernel: BRK [0x1a5604000, 0x1a5604fff] PGTABLE
7月 08 08:10:09 g kernel: BRK [0x1a5605000, 0x1a5605fff] PGTABLE
7月 08 08:10:09 g kernel: BRK [0x1a5606000, 0x1a5606fff] PGTABLE
7月 08 08:10:09 g kernel: BRK [0x1a5607000, 0x1a5607fff] PGTABLE
7月 08 08:10:09 g kernel: BRK [0x1a5608000, 0x1a5608fff] PGTABLE
7月 08 08:10:09 g kernel: BRK [0x1a5609000, 0x1a5609fff] PGTABLE
7月 08 08:10:09 g kernel: RAMDISK: [mem 0x346a9000-0x3634bfff]
7月 08 08:10:09 g kernel: ACPI: Early table checksum verification disabled
7月 08 08:10:09 g kernel: ACPI: RSDP 0x000000007A68A000 000024 (v02 DELL  )
7月 08 08:10:09 g kernel: ACPI: XSDT 0x000000007A68A0C0 000104 (v01 DELL   CBX3     01072009 AMI  00010013)
7月 08 08:10:09 g kernel: ACPI: FACP 0x000000007A6ADA90 00010C (v05 DELL   CBX3     01072009 AMI  00010013)
7月 08 08:10:09 g kernel: ACPI: DSDT 0x000000007A68A258 023833 (v02 DELL   CBX3     01072009 INTL 20160422)
7月 08 08:10:09 g kernel: ACPI: FACS 0x000000007AFF2F80 000040
7月 08 08:10:09 g kernel: ACPI: APIC 0x000000007A6ADBA0 000084 (v03 DELL   CBX3     01072009 AMI  00010013)
7月 08 08:10:09 g kernel: ACPI: FPDT 0x000000007A6ADC28 000044 (v01 DELL   CBX3     01072009 AMI  00010013)
7月 08 08:10:09 g kernel: ACPI: FIDT 0x000000007A6ADC70 00009C (v01 DELL   CBX3     01072009 AMI  00010013)
7月 08 08:10:09 g kernel: ACPI: MCFG 0x000000007A6ADD10 00003C (v01 DELL   CBX3     01072009 MSFT 00000097)
7月 08 08:10:09 g kernel: ACPI: HPET 0x000000007A6ADD50 000038 (v01 DELL   CBX3     01072009 AMI. 0005000B)
7月 08 08:10:09 g kernel: ACPI: SSDT 0x000000007A6ADD88 000322 (v01 SataRe SataTabl 00001000 INTL 20160422)
7月 08 08:10:09 g kernel: ACPI: BOOT 0x000000007A6AE0B0 000028 (v01 DELL   CBX3     01072009 AMI  00010013)
7月 08 08:10:09 g kernel: ACPI: SSDT 0x000000007A6AE0D8 0012DC (v02 SaSsdt SaSsdt   00003000 INTL 20160422)
7月 08 08:10:09 g kernel: ACPI: HPET 0x000000007A6AF3B8 000038 (v01 INTEL  KBL-ULT  00000001 MSFT 0000005F)
7月 08 08:10:09 g kernel: ACPI: SSDT 0x000000007A6AF3F0 0006B5 (v02 INTEL  xh_OEMBD 00000000 INTL 20160422)
7月 08 08:10:09 g kernel: ACPI: UEFI 0x000000007A6AFAA8 000042 (v01                 00000000      00000000)
7月 08 08:10:09 g kernel: ACPI: SSDT 0x000000007A6AFAF0 000EDE (v02 CpuRef CpuSsdt  00003000 INTL 20160422)
7月 08 08:10:09 g kernel: ACPI: LPIT 0x000000007A6B09D0 000094 (v01 INTEL  KBL-ULT  00000000 MSFT 0000005F)
7月 08 08:10:09 g kernel: ACPI: WSMT 0x000000007A6B0A68 000028 (v01 INTEL  KBL-ULT  00000000 MSFT 0000005F)
7月 08 08:10:09 g kernel: ACPI: SSDT 0x000000007A6B0A90 00029F (v02 INTEL  sensrhub 00000000 INTL 20160422)
7月 08 08:10:09 g kernel: ACPI: SSDT 0x000000007A6B0D30 003002 (v02 INTEL  PtidDevc 00001000 INTL 20160422)
7月 08 08:10:09 g kernel: ACPI: DBGP 0x000000007A6B3D38 000034 (v01 INTEL           00000002 MSFT 0000005F)
7月 08 08:10:09 g kernel: ACPI: DBG2 0x000000007A6B3D70 000054 (v00 INTEL           00000002 MSFT 0000005F)
7月 08 08:10:09 g kernel: ACPI: MSDM 0x000000007A6B3DC8 000055 (v03 DELL   CBX3     06222004 AMI  00010013)
7月 08 08:10:09 g kernel: ACPI: SSDT 0x000000007A6B3E20 005700 (v02 DptfTa DptfTabl 00001000 INTL 20160422)
7月 08 08:10:09 g kernel: ACPI: SLIC 0x000000007A6B9520 000176 (v03 DELL   CBX3     01072009 MSFT 00010013)
7月 08 08:10:09 g kernel: ACPI: SSDT 0x000000007A6B9698 000281 (v02 SgRef  SgUlt    00001000 INTL 20160422)
7月 08 08:10:09 g kernel: ACPI: SSDT 0x000000007A6B9920 000699 (v02 SgRef  SgPch    00001000 INTL 20160422)
7月 08 08:10:09 g kernel: ACPI: DMAR 0x000000007A6B9FC0 0000F0 (v01 INTEL  KBL      00000001 INTL 00000001)
7月 08 08:10:09 g kernel: ACPI: TPM2 0x000000007A6BA0B0 000034 (v03        Tpm2Tabl 00000001 AMI  00000000)
7月 08 08:10:09 g kernel: ACPI: SSDT 0x000000007A6BA0E8 000F88 (v01 AmdRef AmdTabl  00001000 INTL 20160422)
7月 08 08:10:09 g kernel: [81B blob data]
7月 08 08:10:09 g kernel: ACPI: Local APIC address 0xfee00000
7月 08 08:10:09 g kernel: No NUMA configuration found
7月 08 08:10:09 g kernel: Faking a node at [mem 0x0000000000000000-0x000000027f7fffff]
7月 08 08:10:09 g kernel: NODE_DATA(0) allocated [mem 0x27f7fb000-0x27f7fffff]
7月 08 08:10:09 g kernel: Zone ranges:
7月 08 08:10:09 g kernel:   DMA      [mem 0x0000000000001000-0x0000000000ffffff]
7月 08 08:10:09 g kernel:   DMA32    [mem 0x0000000001000000-0x00000000ffffffff]
7月 08 08:10:09 g kernel:   Normal   [mem 0x0000000100000000-0x000000027f7fffff]
7月 08 08:10:09 g kernel:   Device   empty
7月 08 08:10:09 g kernel: Movable zone start for each node
7月 08 08:10:09 g kernel: Early memory node ranges
7月 08 08:10:09 g kernel:   node   0: [mem 0x0000000000001000-0x0000000000057fff]
7月 08 08:10:09 g kernel:   node   0: [mem 0x0000000000059000-0x000000000009efff]
7月 08 08:10:09 g kernel:   node   0: [mem 0x0000000000100000-0x0000000074b39fff]
7月 08 08:10:09 g kernel:   node   0: [mem 0x0000000074b3c000-0x000000007a306fff]
7月 08 08:10:09 g kernel:   node   0: [mem 0x000000007b5fe000-0x000000007b5fefff]
7月 08 08:10:09 g kernel:   node   0: [mem 0x0000000100000000-0x000000027f7fffff]
7月 08 08:10:09 g kernel: Reserved but unavailable: 98 pages
7月 08 08:10:09 g kernel: Initmem setup node 0 [mem 0x0000000000001000-0x000000027f7fffff]
7月 08 08:10:09 g kernel: On node 0 totalpages: 2071203
7月 08 08:10:09 g kernel:   DMA zone: 64 pages used for memmap
7月 08 08:10:09 g kernel:   DMA zone: 26 pages reserved
7月 08 08:10:09 g kernel:   DMA zone: 3997 pages, LIFO batch:0
7月 08 08:10:09 g kernel:   DMA32 zone: 7757 pages used for memmap
7月 08 08:10:09 g kernel:   DMA32 zone: 496390 pages, LIFO batch:63
7月 08 08:10:09 g kernel:   Normal zone: 24544 pages used for memmap
7月 08 08:10:09 g kernel:   Normal zone: 1570816 pages, LIFO batch:63
7月 08 08:10:09 g kernel: Reserving Intel graphics memory at [mem 0x7d800000-0x7f7fffff]
7月 08 08:10:09 g kernel: ACPI: PM-Timer IO Port: 0x1808
7月 08 08:10:09 g kernel: ACPI: Local APIC address 0xfee00000
7月 08 08:10:09 g kernel: ACPI: LAPIC_NMI (acpi_id[0x01] high edge lint[0x1])
7月 08 08:10:09 g kernel: ACPI: LAPIC_NMI (acpi_id[0x02] high edge lint[0x1])
7月 08 08:10:09 g kernel: ACPI: LAPIC_NMI (acpi_id[0x03] high edge lint[0x1])
7月 08 08:10:09 g kernel: ACPI: LAPIC_NMI (acpi_id[0x04] high edge lint[0x1])
7月 08 08:10:09 g kernel: IOAPIC[0]: apic_id 2, version 32, address 0xfec00000, GSI 0-119
7月 08 08:10:09 g kernel: ACPI: INT_SRC_OVR (bus 0 bus_irq 0 global_irq 2 dfl dfl)
7月 08 08:10:09 g kernel: ACPI: INT_SRC_OVR (bus 0 bus_irq 9 global_irq 9 high level)
7月 08 08:10:09 g kernel: ACPI: IRQ0 used by override.
7月 08 08:10:09 g kernel: ACPI: IRQ9 used by override.
7月 08 08:10:09 g kernel: Using ACPI (MADT) for SMP configuration information
7月 08 08:10:09 g kernel: ACPI: HPET id: 0x8086a701 base: 0xfed00000
7月 08 08:10:09 g kernel: smpboot: Allowing 4 CPUs, 0 hotplug CPUs
7月 08 08:10:09 g kernel: PM: Registered nosave memory: [mem 0x00000000-0x00000fff]
7月 08 08:10:09 g kernel: PM: Registered nosave memory: [mem 0x00058000-0x00058fff]
7月 08 08:10:09 g kernel: PM: Registered nosave memory: [mem 0x0009f000-0x0009ffff]
7月 08 08:10:09 g kernel: PM: Registered nosave memory: [mem 0x000a0000-0x000fffff]
7月 08 08:10:09 g kernel: PM: Registered nosave memory: [mem 0x74b3a000-0x74b3afff]
7月 08 08:10:09 g kernel: PM: Registered nosave memory: [mem 0x74b3b000-0x74b3bfff]
7月 08 08:10:09 g kernel: PM: Registered nosave memory: [mem 0x7a307000-0x7a67dfff]
7月 08 08:10:09 g kernel: PM: Registered nosave memory: [mem 0x7a67e000-0x7a6bcfff]
7月 08 08:10:09 g kernel: PM: Registered nosave memory: [mem 0x7a6bd000-0x7aff9fff]
7月 08 08:10:09 g kernel: PM: Registered nosave memory: [mem 0x7affa000-0x7b58dfff]
7月 08 08:10:09 g kernel: PM: Registered nosave memory: [mem 0x7b58e000-0x7b5fdfff]
7月 08 08:10:09 g kernel: PM: Registered nosave memory: [mem 0x7b5ff000-0x7d7fffff]
7月 08 08:10:09 g kernel: PM: Registered nosave memory: [mem 0x7d800000-0x7f7fffff]
7月 08 08:10:09 g kernel: PM: Registered nosave memory: [mem 0x7f800000-0xdfffffff]
7月 08 08:10:09 g kernel: PM: Registered nosave memory: [mem 0xe0000000-0xefffffff]
7月 08 08:10:09 g kernel: PM: Registered nosave memory: [mem 0xf0000000-0xfdffffff]
7月 08 08:10:09 g kernel: PM: Registered nosave memory: [mem 0xfe000000-0xfe010fff]
7月 08 08:10:09 g kernel: PM: Registered nosave memory: [mem 0xfe011000-0xfebfffff]
7月 08 08:10:09 g kernel: PM: Registered nosave memory: [mem 0xfec00000-0xfec00fff]
7月 08 08:10:09 g kernel: PM: Registered nosave memory: [mem 0xfec01000-0xfedfffff]
7月 08 08:10:09 g kernel: PM: Registered nosave memory: [mem 0xfee00000-0xfee00fff]
7月 08 08:10:09 g kernel: PM: Registered nosave memory: [mem 0xfee01000-0xfeffffff]
7月 08 08:10:09 g kernel: PM: Registered nosave memory: [mem 0xff000000-0xffffffff]
7月 08 08:10:09 g kernel: [mem 0x7f800000-0xdfffffff] available for PCI devices
7月 08 08:10:09 g kernel: Booting paravirtualized kernel on bare hardware
7月 08 08:10:09 g kernel: clocksource: refined-jiffies: mask: 0xffffffff max_cycles: 0xffffffff, max_idle_ns: 7645519600211568 ns
7月 08 08:10:09 g kernel: random: get_random_bytes called from start_kernel+0x93/0x52c with crng_init=0
7月 08 08:10:09 g kernel: setup_percpu: NR_CPUS:512 nr_cpumask_bits:512 nr_cpu_ids:4 nr_node_ids:1
7月 08 08:10:09 g kernel: percpu: Embedded 44 pages/cpu s143256 r8192 d28776 u524288
7月 08 08:10:09 g kernel: pcpu-alloc: s143256 r8192 d28776 u524288 alloc=1*2097152
7月 08 08:10:09 g kernel: pcpu-alloc: [0] 0 1 2 3 
7月 08 08:10:09 g kernel: Built 1 zonelists, mobility grouping on.  Total pages: 2038812
7月 08 08:10:09 g kernel: Policy zone: Normal
7月 08 08:10:09 g kernel: Kernel command line: BOOT_IMAGE=/boot/vmlinuz-4.19.0-5-amd64 root=UUID=b9e4eb2b-348e-4ccf-913e-e690850a231c ro quiet
7月 08 08:10:09 g kernel: Calgary: detecting Calgary via BIOS EBDA area
7月 08 08:10:09 g kernel: Calgary: Unable to locate Rio Grande table in EBDA - bailing!
7月 08 08:10:09 g kernel: Memory: 7917676K/8284812K available (10252K kernel code, 1243K rwdata, 3184K rodata, 1580K init, 2296K bss, 367136K reserved, 0K cma-reserved)
7月 08 08:10:09 g kernel: SLUB: HWalign=64, Order=0-3, MinObjects=0, CPUs=4, Nodes=1
7月 08 08:10:09 g kernel: Kernel/User page tables isolation: enabled
7月 08 08:10:09 g kernel: ftrace: allocating 31827 entries in 125 pages
7月 08 08:10:09 g kernel: rcu: Hierarchical RCU implementation.
7月 08 08:10:09 g kernel: rcu:         RCU restricting CPUs from NR_CPUS=512 to nr_cpu_ids=4.
7月 08 08:10:09 g kernel: rcu: Adjusting geometry for rcu_fanout_leaf=16, nr_cpu_ids=4
7月 08 08:10:09 g kernel: NR_IRQS: 33024, nr_irqs: 1024, preallocated irqs: 16
7月 08 08:10:09 g kernel: spurious 8259A interrupt: IRQ7.
7月 08 08:10:09 g kernel: Console: colour dummy device 80x25
7月 08 08:10:09 g kernel: console [tty0] enabled
7月 08 08:10:09 g kernel: ACPI: Core revision 20180810
7月 08 08:10:09 g kernel: clocksource: hpet: mask: 0xffffffff max_cycles: 0xffffffff, max_idle_ns: 79635855245 ns
7月 08 08:10:09 g kernel: hpet clockevent registered
7月 08 08:10:09 g kernel: APIC: Switch to symmetric I/O mode setup
7月 08 08:10:09 g kernel: DMAR: Host address width 39
7月 08 08:10:09 g kernel: DMAR: DRHD base: 0x000000fed90000 flags: 0x0
7月 08 08:10:09 g kernel: DMAR: dmar0: reg_base_addr fed90000 ver 1:0 cap 1c0000c40660462 ecap 19e2ff0505e
7月 08 08:10:09 g kernel: DMAR: DRHD base: 0x000000fed91000 flags: 0x1
7月 08 08:10:09 g kernel: DMAR: dmar1: reg_base_addr fed91000 ver 1:0 cap d2008c40660462 ecap f050da
7月 08 08:10:09 g kernel: DMAR: RMRR base: 0x0000007a3cf000 end: 0x0000007a3eefff
7月 08 08:10:09 g kernel: DMAR: RMRR base: 0x0000007d000000 end: 0x0000007f7fffff
7月 08 08:10:09 g kernel: DMAR: ANDD device: 1 name: \_SB.PCI0.I2C0
7月 08 08:10:09 g kernel: DMAR: ANDD device: 2 name: \_SB.PCI0.I2C1
7月 08 08:10:09 g kernel: DMAR-IR: IOAPIC id 2 under DRHD base  0xfed91000 IOMMU 1
7月 08 08:10:09 g kernel: DMAR-IR: HPET id 0 under DRHD base 0xfed91000
7月 08 08:10:09 g kernel: DMAR-IR: Queued invalidation will be enabled to support x2apic and Intr-remapping.
7月 08 08:10:09 g kernel: DMAR-IR: Enabled IRQ remapping in x2apic mode
7月 08 08:10:09 g kernel: x2apic enabled
7月 08 08:10:09 g kernel: Switched APIC routing to cluster x2apic.
7月 08 08:10:09 g kernel: ..TIMER: vector=0x30 apic1=0 pin1=2 apic2=-1 pin2=-1
7月 08 08:10:09 g kernel: clocksource: tsc-early: mask: 0xffffffffffffffff max_cycles: 0x2717868ea45, max_idle_ns: 440795316085 ns
7月 08 08:10:09 g kernel: Calibrating delay loop (skipped), value calculated using timer frequency.. 5424.00 BogoMIPS (lpj=10848000)
7月 08 08:10:09 g kernel: pid_max: default: 32768 minimum: 301
7月 08 08:10:09 g kernel: Security Framework initialized
7月 08 08:10:09 g kernel: Yama: disabled by default; enable with sysctl kernel.yama.*
7月 08 08:10:09 g kernel: AppArmor: AppArmor initialized
7月 08 08:10:09 g kernel: Dentry cache hash table entries: 1048576 (order: 11, 8388608 bytes)
7月 08 08:10:09 g kernel: Inode-cache hash table entries: 524288 (order: 10, 4194304 bytes)
7月 08 08:10:09 g kernel: Mount-cache hash table entries: 16384 (order: 5, 131072 bytes)
7月 08 08:10:09 g kernel: Mountpoint-cache hash table entries: 16384 (order: 5, 131072 bytes)
7月 08 08:10:09 g kernel: ENERGY_PERF_BIAS: Set to 'normal', was 'performance'
7月 08 08:10:09 g kernel: ENERGY_PERF_BIAS: View and update with x86_energy_perf_policy(8)
7月 08 08:10:09 g kernel: mce: CPU supports 8 MCE banks
7月 08 08:10:09 g kernel: CPU0: Thermal monitoring enabled (TM1)
7月 08 08:10:09 g kernel: process: using mwait in idle threads
7月 08 08:10:09 g kernel: Last level iTLB entries: 4KB 64, 2MB 8, 4MB 8
7月 08 08:10:09 g kernel: Last level dTLB entries: 4KB 64, 2MB 0, 4MB 0, 1GB 4
7月 08 08:10:09 g kernel: Spectre V2 : Mitigation: Full generic retpoline
7月 08 08:10:09 g kernel: Spectre V2 : Spectre v2 / SpectreRSB mitigation: Filling RSB on context switch
7月 08 08:10:09 g kernel: Spectre V2 : Enabling Restricted Speculation for firmware calls
7月 08 08:10:09 g kernel: Spectre V2 : mitigation: Enabling conditional Indirect Branch Prediction Barrier
7月 08 08:10:09 g kernel: Spectre V2 : User space: Mitigation: STIBP via seccomp and prctl
7月 08 08:10:09 g kernel: Speculative Store Bypass: Mitigation: Speculative Store Bypass disabled via prctl and seccomp
7月 08 08:10:09 g kernel: MDS: Mitigation: Clear CPU buffers
7月 08 08:10:09 g kernel: Freeing SMP alternatives memory: 24K
7月 08 08:10:09 g kernel: TSC deadline timer enabled
7月 08 08:10:09 g kernel: smpboot: CPU0: Intel(R) Core(TM) i5-7200U CPU @ 2.50GHz (family: 0x6, model: 0x8e, stepping: 0x9)
7月 08 08:10:09 g kernel: mce: [Hardware Error]: Machine check events logged
7月 08 08:10:09 g kernel: mce: [Hardware Error]: CPU 0: Machine Check: 0 Bank 6: ee2000000040110a
7月 08 08:10:09 g kernel: mce: [Hardware Error]: TSC 0 ADDR fef1ce80 MISC 43880014086 
7月 08 08:10:09 g kernel: mce: [Hardware Error]: PROCESSOR 0:806e9 TIME 1562544608 SOCKET 0 APIC 0 microcode b4
7月 08 08:10:09 g kernel: mce: [Hardware Error]: Machine check events logged
7月 08 08:10:09 g kernel: mce: [Hardware Error]: CPU 0: Machine Check: 0 Bank 7: ee2000000040110a
7月 08 08:10:09 g kernel: mce: [Hardware Error]: TSC 0 ADDR fef1ce40 MISC 7880014086 
7月 08 08:10:09 g kernel: mce: [Hardware Error]: PROCESSOR 0:806e9 TIME 1562544608 SOCKET 0 APIC 0 microcode b4
7月 08 08:10:09 g kernel: Performance Events: PEBS fmt3+, Skylake events, 32-deep LBR, full-width counters, Intel PMU driver.
7月 08 08:10:09 g kernel: ... version:                4
7月 08 08:10:09 g kernel: ... bit width:              48
7月 08 08:10:09 g kernel: ... generic registers:      4
7月 08 08:10:09 g kernel: ... value mask:             0000ffffffffffff
7月 08 08:10:09 g kernel: ... max period:             00007fffffffffff
7月 08 08:10:09 g kernel: ... fixed-purpose events:   3
7月 08 08:10:09 g kernel: ... event mask:             000000070000000f
7月 08 08:10:09 g kernel: rcu: Hierarchical SRCU implementation.
7月 08 08:10:09 g kernel: random: crng done (trusting CPU's manufacturer)
7月 08 08:10:09 g kernel: NMI watchdog: Enabled. Permanently consumes one hw-PMU counter.
7月 08 08:10:09 g kernel: smp: Bringing up secondary CPUs ...
7月 08 08:10:09 g kernel: x86: Booting SMP configuration:
7月 08 08:10:09 g kernel: .... node  #0, CPUs:      #1 #2
7月 08 08:10:09 g kernel: MDS CPU bug present and SMT on, data leak possible. See https://www.kernel.org/doc/html/latest/admin-guide/hw-vuln/mds.html for more details.
7月 08 08:10:09 g kernel:  #3
7月 08 08:10:09 g kernel: smp: Brought up 1 node, 4 CPUs
7月 08 08:10:09 g kernel: smpboot: Max logical packages: 1
7月 08 08:10:09 g kernel: smpboot: Total of 4 processors activated (21696.00 BogoMIPS)
7月 08 08:10:09 g kernel: devtmpfs: initialized
7月 08 08:10:09 g kernel: x86/mm: Memory block size: 128MB
7月 08 08:10:09 g kernel: PM: Registering ACPI NVS region [mem 0x74b3a000-0x74b3afff] (4096 bytes)
7月 08 08:10:09 g kernel: PM: Registering ACPI NVS region [mem 0x7a6bd000-0x7aff9fff] (9687040 bytes)
7月 08 08:10:09 g kernel: clocksource: jiffies: mask: 0xffffffff max_cycles: 0xffffffff, max_idle_ns: 7645041785100000 ns
7月 08 08:10:09 g kernel: futex hash table entries: 1024 (order: 4, 65536 bytes)
7月 08 08:10:09 g kernel: pinctrl core: initialized pinctrl subsystem
7月 08 08:10:09 g kernel: NET: Registered protocol family 16
7月 08 08:10:09 g kernel: audit: initializing netlink subsys (disabled)
7月 08 08:10:09 g kernel: audit: type=2000 audit(1562544608.048:1): state=initialized audit_enabled=0 res=1
7月 08 08:10:09 g kernel: cpuidle: using governor ladder
7月 08 08:10:09 g kernel: cpuidle: using governor menu
7月 08 08:10:09 g kernel: Simple Boot Flag at 0x47 set to 0x80
7月 08 08:10:09 g kernel: ACPI: bus type PCI registered
7月 08 08:10:09 g kernel: acpiphp: ACPI Hot Plug PCI Controller Driver version: 0.5
7月 08 08:10:09 g kernel: PCI: MMCONFIG for domain 0000 [bus 00-ff] at [mem 0xe0000000-0xefffffff] (base 0xe0000000)
7月 08 08:10:09 g kernel: PCI: MMCONFIG at [mem 0xe0000000-0xefffffff] reserved in E820
7月 08 08:10:09 g kernel: PCI: Using configuration type 1 for base access
7月 08 08:10:09 g kernel: HugeTLB registered 1.00 GiB page size, pre-allocated 0 pages
7月 08 08:10:09 g kernel: HugeTLB registered 2.00 MiB page size, pre-allocated 0 pages
7月 08 08:10:09 g kernel: ACPI: Added _OSI(Module Device)
7月 08 08:10:09 g kernel: ACPI: Added _OSI(Processor Device)
7月 08 08:10:09 g kernel: ACPI: Added _OSI(3.0 _SCP Extensions)
7月 08 08:10:09 g kernel: ACPI: Added _OSI(Processor Aggregator Device)
7月 08 08:10:09 g kernel: ACPI: Added _OSI(Linux-Dell-Video)
7月 08 08:10:09 g kernel: ACPI: Added _OSI(Linux-Lenovo-NV-HDMI-Audio)
7月 08 08:10:09 g kernel: ACPI: 11 ACPI AML tables successfully acquired and loaded
7月 08 08:10:09 g kernel: ACPI: [Firmware Bug]: BIOS _OSI(Linux) query ignored
7月 08 08:10:09 g kernel: ACPI: Dynamic OEM Table Load:
7月 08 08:10:09 g kernel: ACPI: SSDT 0xFFFF909835447800 0006B4 (v02 PmRef  Cpu0Ist  00003000 INTL 20160422)
7月 08 08:10:09 g kernel: ACPI: \_PR_.CPU0: _OSC native thermal LVT Acked
7月 08 08:10:09 g kernel: ACPI: Dynamic OEM Table Load:
7月 08 08:10:09 g kernel: ACPI: SSDT 0xFFFF909835473C00 0003FF (v02 PmRef  Cpu0Cst  00003001 INTL 20160422)
7月 08 08:10:09 g kernel: ACPI: Dynamic OEM Table Load:
7月 08 08:10:09 g kernel: ACPI: SSDT 0xFFFF909835443000 00065C (v02 PmRef  ApIst    00003000 INTL 20160422)
7月 08 08:10:09 g kernel: ACPI: Dynamic OEM Table Load:
7月 08 08:10:09 g kernel: ACPI: SSDT 0xFFFF90983557FE00 00018A (v02 PmRef  ApCst    00003000 INTL 20160422)
7月 08 08:10:09 g kernel: ACPI: EC: EC started
7月 08 08:10:09 g kernel: ACPI: EC: interrupt blocked
7月 08 08:10:09 g kernel: ACPI: \_SB_.PCI0.LPCB.ECDV: Used as first EC
7月 08 08:10:09 g kernel: ACPI: \_SB_.PCI0.LPCB.ECDV: GPE=0x45, EC_CMD/EC_SC=0x934, EC_DATA=0x930
7月 08 08:10:09 g kernel: ACPI: \_SB_.PCI0.LPCB.ECDV: Used as boot DSDT EC to handle transactions
7月 08 08:10:09 g kernel: ACPI: Interpreter enabled
7月 08 08:10:09 g kernel: ACPI: (supports S0 S3 S4 S5)
7月 08 08:10:09 g kernel: ACPI: Using IOAPIC for interrupt routing
7月 08 08:10:09 g kernel: PCI: Using host bridge windows from ACPI; if necessary, use "pci=nocrs" and report a bug
7月 08 08:10:09 g kernel: ACPI: Enabled 7 GPEs in block 00 to 7F
7月 08 08:10:09 g kernel: ACPI: Power Resource [WRST] (on)
7月 08 08:10:09 g kernel: ACPI: Power Resource [WRST] (on)
7月 08 08:10:09 g kernel: ACPI: Power Resource [WRST] (on)
7月 08 08:10:09 g kernel: ACPI: Power Resource [WRST] (on)
7月 08 08:10:09 g kernel: ACPI: Power Resource [WRST] (on)
7月 08 08:10:09 g kernel: ACPI: Power Resource [PC09] (on)
7月 08 08:10:09 g kernel: ACPI: Power Resource [WRST] (on)
7月 08 08:10:09 g kernel: ACPI: Power Resource [WRST] (on)
7月 08 08:10:09 g kernel: ACPI: Power Resource [WRST] (on)
7月 08 08:10:09 g kernel: ACPI: Power Resource [WRST] (on)
7月 08 08:10:09 g kernel: ACPI: Power Resource [WRST] (on)
7月 08 08:10:09 g kernel: ACPI: Power Resource [WRST] (on)
7月 08 08:10:09 g kernel: ACPI: Power Resource [WRST] (on)
7月 08 08:10:09 g kernel: ACPI: Power Resource [WRST] (on)
7月 08 08:10:09 g kernel: ACPI: Power Resource [WRST] (on)
7月 08 08:10:09 g kernel: ACPI: Power Resource [WRST] (on)
7月 08 08:10:09 g kernel: ACPI: Power Resource [WRST] (on)
7月 08 08:10:09 g kernel: ACPI: Power Resource [WRST] (on)
7月 08 08:10:09 g kernel: ACPI: Power Resource [WRST] (on)
7月 08 08:10:09 g kernel: ACPI: Power Resource [WRST] (on)
7月 08 08:10:09 g kernel: ACPI: PCI Root Bridge [PCI0] (domain 0000 [bus 00-fe])
7月 08 08:10:09 g kernel: acpi PNP0A08:00: _OSC: OS supports [ExtendedConfig ASPM ClockPM Segments MSI]
7月 08 08:10:09 g kernel: acpi PNP0A08:00: _OSC: OS now controls [PCIeHotplug SHPCHotplug PME AER PCIeCapability LTR]
7月 08 08:10:09 g kernel: PCI host bridge to bus 0000:00
7月 08 08:10:09 g kernel: pci_bus 0000:00: root bus resource [io  0x0000-0x0cf7 window]
7月 08 08:10:09 g kernel: pci_bus 0000:00: root bus resource [io  0x0d00-0xffff window]
7月 08 08:10:09 g kernel: pci_bus 0000:00: root bus resource [mem 0x000a0000-0x000bffff window]
7月 08 08:10:09 g kernel: pci_bus 0000:00: root bus resource [mem 0x7f800000-0xdfffffff window]
7月 08 08:10:09 g kernel: pci_bus 0000:00: root bus resource [mem 0xfd000000-0xfe7fffff window]
7月 08 08:10:09 g kernel: pci_bus 0000:00: root bus resource [bus 00-fe]
7月 08 08:10:09 g kernel: pci 0000:00:00.0: [8086:5904] type 00 class 0x060000
7月 08 08:10:09 g kernel: pci 0000:00:02.0: [8086:5916] type 00 class 0x030000
7月 08 08:10:09 g kernel: pci 0000:00:02.0: reg 0x10: [mem 0xd1000000-0xd1ffffff 64bit]
7月 08 08:10:09 g kernel: pci 0000:00:02.0: reg 0x18: [mem 0xb0000000-0xbfffffff 64bit pref]
7月 08 08:10:09 g kernel: pci 0000:00:02.0: reg 0x20: [io  0xf000-0xf03f]
7月 08 08:10:09 g kernel: pci 0000:00:02.0: BAR 2: assigned to efifb
7月 08 08:10:09 g kernel: pci 0000:00:04.0: [8086:1903] type 00 class 0x118000
7月 08 08:10:09 g kernel: pci 0000:00:04.0: reg 0x10: [mem 0xd2220000-0xd2227fff 64bit]
7月 08 08:10:09 g kernel: pci 0000:00:14.0: [8086:9d2f] type 00 class 0x0c0330
7月 08 08:10:09 g kernel: pci 0000:00:14.0: reg 0x10: [mem 0xd2210000-0xd221ffff 64bit]
7月 08 08:10:09 g kernel: pci 0000:00:14.0: PME# supported from D3hot D3cold
7月 08 08:10:09 g kernel: pci 0000:00:14.2: [8086:9d31] type 00 class 0x118000
7月 08 08:10:09 g kernel: pci 0000:00:14.2: reg 0x10: [mem 0xd2238000-0xd2238fff 64bit]
7月 08 08:10:09 g kernel: pci 0000:00:15.0: [8086:9d60] type 00 class 0x118000
7月 08 08:10:09 g kernel: pci 0000:00:15.0: reg 0x10: [mem 0xd2237000-0xd2237fff 64bit]
7月 08 08:10:09 g kernel: pci 0000:00:15.1: [8086:9d61] type 00 class 0x118000
7月 08 08:10:09 g kernel: pci 0000:00:15.1: reg 0x10: [mem 0xd2236000-0xd2236fff 64bit]
7月 08 08:10:09 g kernel: pci 0000:00:16.0: [8086:9d3a] type 00 class 0x078000
7月 08 08:10:09 g kernel: pci 0000:00:16.0: reg 0x10: [mem 0xd2235000-0xd2235fff 64bit]
7月 08 08:10:09 g kernel: pci 0000:00:16.0: PME# supported from D3hot
7月 08 08:10:09 g kernel: pci 0000:00:17.0: [8086:9d03] type 00 class 0x010601
7月 08 08:10:09 g kernel: pci 0000:00:17.0: reg 0x10: [mem 0xd2230000-0xd2231fff]
7月 08 08:10:09 g kernel: pci 0000:00:17.0: reg 0x14: [mem 0xd2234000-0xd22340ff]
7月 08 08:10:09 g kernel: pci 0000:00:17.0: reg 0x18: [io  0xf090-0xf097]
7月 08 08:10:09 g kernel: pci 0000:00:17.0: reg 0x1c: [io  0xf080-0xf083]
7月 08 08:10:09 g kernel: pci 0000:00:17.0: reg 0x20: [io  0xf060-0xf07f]
7月 08 08:10:09 g kernel: pci 0000:00:17.0: reg 0x24: [mem 0xd2233000-0xd22337ff]
7月 08 08:10:09 g kernel: pci 0000:00:17.0: PME# supported from D3hot
7月 08 08:10:09 g kernel: pci 0000:00:1c.0: [8086:9d10] type 01 class 0x060400
7月 08 08:10:09 g kernel: pci 0000:00:1c.0: PME# supported from D0 D3hot D3cold
7月 08 08:10:09 g kernel: pci 0000:00:1c.4: [8086:9d14] type 01 class 0x060400
7月 08 08:10:09 g kernel: pci 0000:00:1c.4: PME# supported from D0 D3hot D3cold
7月 08 08:10:09 g kernel: pci 0000:00:1c.5: [8086:9d15] type 01 class 0x060400
7月 08 08:10:09 g kernel: pci 0000:00:1c.5: PME# supported from D0 D3hot D3cold
7月 08 08:10:09 g kernel: pci 0000:00:1f.0: [8086:9d58] type 00 class 0x060100
7月 08 08:10:09 g kernel: pci 0000:00:1f.2: [8086:9d21] type 00 class 0x058000
7月 08 08:10:09 g kernel: pci 0000:00:1f.2: reg 0x10: [mem 0xd222c000-0xd222ffff]
7月 08 08:10:09 g kernel: pci 0000:00:1f.3: [8086:9d71] type 00 class 0x040300
7月 08 08:10:09 g kernel: pci 0000:00:1f.3: reg 0x10: [mem 0xd2228000-0xd222bfff 64bit]
7月 08 08:10:09 g kernel: pci 0000:00:1f.3: reg 0x20: [mem 0xd2200000-0xd220ffff 64bit]
7月 08 08:10:09 g kernel: pci 0000:00:1f.3: PME# supported from D3hot D3cold
7月 08 08:10:09 g kernel: pci 0000:00:1f.4: [8086:9d23] type 00 class 0x0c0500
7月 08 08:10:09 g kernel: pci 0000:00:1f.4: reg 0x10: [mem 0xd2232000-0xd22320ff 64bit]
7月 08 08:10:09 g kernel: pci 0000:00:1f.4: reg 0x20: [io  0xf040-0xf05f]
7月 08 08:10:09 g kernel: pci 0000:01:00.0: [1002:6900] type 00 class 0x038000
7月 08 08:10:09 g kernel: pci 0000:01:00.0: reg 0x10: [mem 0xc0000000-0xcfffffff 64bit pref]
7月 08 08:10:09 g kernel: pci 0000:01:00.0: reg 0x18: [mem 0xd0000000-0xd01fffff 64bit pref]
7月 08 08:10:09 g kernel: pci 0000:01:00.0: reg 0x20: [io  0xe000-0xe0ff]
7月 08 08:10:09 g kernel: pci 0000:01:00.0: reg 0x24: [mem 0xd0200000-0xd023ffff]
7月 08 08:10:09 g kernel: pci 0000:01:00.0: reg 0x30: [mem 0xd0240000-0xd025ffff pref]
7月 08 08:10:09 g kernel: pci 0000:01:00.0: enabling Extended Tags
7月 08 08:10:09 g kernel: pci 0000:01:00.0: supports D1 D2
7月 08 08:10:09 g kernel: pci 0000:01:00.0: 31.504 Gb/s available PCIe bandwidth, limited by 8 GT/s x4 link at 0000:00:1c.0 (capable of 63.008 Gb/s with 8 GT/s x8 link)
7月 08 08:10:09 g kernel: pci 0000:00:1c.0: PCI bridge to [bus 01]
7月 08 08:10:09 g kernel: pci 0000:00:1c.0:   bridge window [io  0xe000-0xefff]
7月 08 08:10:09 g kernel: pci 0000:00:1c.0:   bridge window [mem 0xc0000000-0xd02fffff]
7月 08 08:10:09 g kernel: pci 0000:02:00.0: [8086:3165] type 00 class 0x028000
7月 08 08:10:09 g kernel: pci 0000:02:00.0: reg 0x10: [mem 0xd2100000-0xd2101fff 64bit]
7月 08 08:10:09 g kernel: pci 0000:02:00.0: PME# supported from D0 D3hot D3cold
7月 08 08:10:09 g kernel: pci 0000:00:1c.4: PCI bridge to [bus 02]
7月 08 08:10:09 g kernel: pci 0000:00:1c.4:   bridge window [mem 0xd2100000-0xd21fffff]
7月 08 08:10:09 g kernel: pci 0000:03:00.0: [10ec:8136] type 00 class 0x020000
7月 08 08:10:09 g kernel: pci 0000:03:00.0: reg 0x10: [io  0xd000-0xd0ff]
7月 08 08:10:09 g kernel: pci 0000:03:00.0: reg 0x18: [mem 0xd2004000-0xd2004fff 64bit]
7月 08 08:10:09 g kernel: pci 0000:03:00.0: reg 0x20: [mem 0xd2000000-0xd2003fff 64bit pref]
7月 08 08:10:09 g kernel: pci 0000:03:00.0: supports D1 D2
7月 08 08:10:09 g kernel: pci 0000:03:00.0: PME# supported from D0 D1 D2 D3hot D3cold
7月 08 08:10:09 g kernel: pci 0000:00:1c.5: PCI bridge to [bus 03]
7月 08 08:10:09 g kernel: pci 0000:00:1c.5:   bridge window [io  0xd000-0xdfff]
7月 08 08:10:09 g kernel: pci 0000:00:1c.5:   bridge window [mem 0xd2000000-0xd20fffff]
7月 08 08:10:09 g kernel: ACPI: PCI Interrupt Link [LNKA] (IRQs 3 4 5 6 *10 11 12 14 15)
7月 08 08:10:09 g kernel: ACPI: PCI Interrupt Link [LNKB] (IRQs 3 4 5 6 *10 11 12 14 15)
7月 08 08:10:09 g kernel: ACPI: PCI Interrupt Link [LNKC] (IRQs 3 4 5 6 10 *11 12 14 15)
7月 08 08:10:09 g kernel: ACPI: PCI Interrupt Link [LNKD] (IRQs 3 4 5 6 10 *11 12 14 15)
7月 08 08:10:09 g kernel: ACPI: PCI Interrupt Link [LNKE] (IRQs 3 4 5 6 10 *11 12 14 15)
7月 08 08:10:09 g kernel: ACPI: PCI Interrupt Link [LNKF] (IRQs 3 4 5 6 10 *11 12 14 15)
7月 08 08:10:09 g kernel: ACPI: PCI Interrupt Link [LNKG] (IRQs 3 4 5 6 10 *11 12 14 15)
7月 08 08:10:09 g kernel: ACPI: PCI Interrupt Link [LNKH] (IRQs 3 4 5 6 10 *11 12 14 15)
7月 08 08:10:09 g kernel: ACPI: EC: interrupt unblocked
7月 08 08:10:09 g kernel: ACPI: EC: event unblocked
7月 08 08:10:09 g kernel: ACPI: \_SB_.PCI0.LPCB.ECDV: GPE=0x45, EC_CMD/EC_SC=0x934, EC_DATA=0x930
7月 08 08:10:09 g kernel: ACPI: \_SB_.PCI0.LPCB.ECDV: Used as boot DSDT EC to handle transactions and events
7月 08 08:10:09 g kernel: pci 0000:00:02.0: vgaarb: setting as boot VGA device
7月 08 08:10:09 g kernel: pci 0000:00:02.0: vgaarb: VGA device added: decodes=io+mem,owns=io+mem,locks=none
7月 08 08:10:09 g kernel: pci 0000:00:02.0: vgaarb: bridge control possible
7月 08 08:10:09 g kernel: vgaarb: loaded
7月 08 08:10:09 g kernel: pps_core: LinuxPPS API ver. 1 registered
7月 08 08:10:09 g kernel: pps_core: Software ver. 5.3.6 - Copyright 2005-2007 Rodolfo Giometti <giometti@linux.it>
7月 08 08:10:09 g kernel: PTP clock support registered
7月 08 08:10:09 g kernel: EDAC MC: Ver: 3.0.0
7月 08 08:10:09 g kernel: Registered efivars operations
7月 08 08:10:09 g kernel: PCI: Using ACPI for IRQ routing
7月 08 08:10:09 g kernel: PCI: pci_cache_line_size set to 64 bytes
7月 08 08:10:09 g kernel: e820: reserve RAM buffer [mem 0x00058000-0x0005ffff]
7月 08 08:10:09 g kernel: e820: reserve RAM buffer [mem 0x0009f000-0x0009ffff]
7月 08 08:10:09 g kernel: e820: reserve RAM buffer [mem 0x74b3a000-0x77ffffff]
7月 08 08:10:09 g kernel: e820: reserve RAM buffer [mem 0x7a307000-0x7bffffff]
7月 08 08:10:09 g kernel: e820: reserve RAM buffer [mem 0x7b5ff000-0x7bffffff]
7月 08 08:10:09 g kernel: e820: reserve RAM buffer [mem 0x27f800000-0x27fffffff]
7月 08 08:10:09 g kernel: hpet0: at MMIO 0xfed00000, IRQs 2, 8, 0, 0, 0, 0, 0, 0
7月 08 08:10:09 g kernel: hpet0: 8 comparators, 64-bit 24.000000 MHz counter
7月 08 08:10:09 g kernel: clocksource: Switched to clocksource tsc-early
7月 08 08:10:09 g kernel: VFS: Disk quotas dquot_6.6.0
7月 08 08:10:09 g kernel: VFS: Dquot-cache hash table entries: 512 (order 0, 4096 bytes)
7月 08 08:10:09 g kernel: AppArmor: AppArmor Filesystem Enabled
7月 08 08:10:09 g kernel: pnp: PnP ACPI init
7月 08 08:10:09 g kernel: system 00:00: [io  0x0680-0x069f] has been reserved
7月 08 08:10:09 g kernel: system 00:00: [io  0xffff] has been reserved
7月 08 08:10:09 g kernel: system 00:00: [io  0xffff] has been reserved
7月 08 08:10:09 g kernel: system 00:00: [io  0xffff] has been reserved
7月 08 08:10:09 g kernel: system 00:00: [io  0x1800-0x18fe] has been reserved
7月 08 08:10:09 g kernel: system 00:00: [io  0x164e-0x164f] has been reserved
7月 08 08:10:09 g kernel: system 00:00: Plug and Play ACPI device, IDs PNP0c02 (active)
7月 08 08:10:09 g kernel: pnp 00:01: Plug and Play ACPI device, IDs PNP0b00 (active)
7月 08 08:10:09 g kernel: system 00:02: [io  0x1854-0x1857] has been reserved
7月 08 08:10:09 g kernel: system 00:02: Plug and Play ACPI device, IDs INT3f0d PNP0c02 (active)
7月 08 08:10:09 g kernel: pnp 00:03: Plug and Play ACPI device, IDs PNP0303 (active)
7月 08 08:10:09 g kernel: pnp 00:04: Plug and Play ACPI device, IDs DLL0767 PNP0f13 (active)
7月 08 08:10:09 g kernel: system 00:05: [mem 0xfed10000-0xfed17fff] has been reserved
7月 08 08:10:09 g kernel: system 00:05: [mem 0xfed18000-0xfed18fff] has been reserved
7月 08 08:10:09 g kernel: system 00:05: [mem 0xfed19000-0xfed19fff] has been reserved
7月 08 08:10:09 g kernel: system 00:05: [mem 0xe0000000-0xefffffff] has been reserved
7月 08 08:10:09 g kernel: system 00:05: [mem 0xfed20000-0xfed3ffff] has been reserved
7月 08 08:10:09 g kernel: system 00:05: [mem 0xfed90000-0xfed93fff] could not be reserved
7月 08 08:10:09 g kernel: system 00:05: [mem 0xfed45000-0xfed8ffff] has been reserved
7月 08 08:10:09 g kernel: system 00:05: [mem 0xff000000-0xffffffff] has been reserved
7月 08 08:10:09 g kernel: system 00:05: [mem 0xfee00000-0xfeefffff] could not be reserved
7月 08 08:10:09 g kernel: system 00:05: [mem 0xdffe0000-0xdfffffff] has been reserved
7月 08 08:10:09 g kernel: system 00:05: Plug and Play ACPI device, IDs PNP0c02 (active)
7月 08 08:10:09 g kernel: system 00:06: [mem 0xfd000000-0xfdabffff] has been reserved
7月 08 08:10:09 g kernel: system 00:06: [mem 0xfdad0000-0xfdadffff] has been reserved
7月 08 08:10:09 g kernel: system 00:06: [mem 0xfdb00000-0xfdffffff] has been reserved
7月 08 08:10:09 g kernel: system 00:06: [mem 0xfe000000-0xfe01ffff] could not be reserved
7月 08 08:10:09 g kernel: system 00:06: [mem 0xfe036000-0xfe03bfff] has been reserved
7月 08 08:10:09 g kernel: system 00:06: [mem 0xfe03d000-0xfe3fffff] has been reserved
7月 08 08:10:09 g kernel: system 00:06: [mem 0xfe410000-0xfe7fffff] has been reserved
7月 08 08:10:09 g kernel: system 00:06: Plug and Play ACPI device, IDs PNP0c02 (active)
7月 08 08:10:09 g kernel: system 00:07: [io  0xff00-0xfffe] has been reserved
7月 08 08:10:09 g kernel: system 00:07: Plug and Play ACPI device, IDs PNP0c02 (active)
7月 08 08:10:09 g kernel: system 00:08: [mem 0xfe029000-0xfe029fff] has been reserved
7月 08 08:10:09 g kernel: system 00:08: [mem 0xfe028000-0xfe028fff] has been reserved
7月 08 08:10:09 g kernel: system 00:08: Plug and Play ACPI device, IDs PNP0c02 (active)
7月 08 08:10:09 g kernel: pnp: PnP ACPI: found 9 devices
7月 08 08:10:09 g kernel: clocksource: acpi_pm: mask: 0xffffff max_cycles: 0xffffff, max_idle_ns: 2085701024 ns
7月 08 08:10:09 g kernel: pci 0000:00:1c.0: PCI bridge to [bus 01]
7月 08 08:10:09 g kernel: pci 0000:00:1c.0:   bridge window [io  0xe000-0xefff]
7月 08 08:10:09 g kernel: pci 0000:00:1c.0:   bridge window [mem 0xc0000000-0xd02fffff]
7月 08 08:10:09 g kernel: pci 0000:00:1c.4: PCI bridge to [bus 02]
7月 08 08:10:09 g kernel: pci 0000:00:1c.4:   bridge window [mem 0xd2100000-0xd21fffff]
7月 08 08:10:09 g kernel: pci 0000:00:1c.5: PCI bridge to [bus 03]
7月 08 08:10:09 g kernel: pci 0000:00:1c.5:   bridge window [io  0xd000-0xdfff]
7月 08 08:10:09 g kernel: pci 0000:00:1c.5:   bridge window [mem 0xd2000000-0xd20fffff]
7月 08 08:10:09 g kernel: pci_bus 0000:00: resource 4 [io  0x0000-0x0cf7 window]
7月 08 08:10:09 g kernel: pci_bus 0000:00: resource 5 [io  0x0d00-0xffff window]
7月 08 08:10:09 g kernel: pci_bus 0000:00: resource 6 [mem 0x000a0000-0x000bffff window]
7月 08 08:10:09 g kernel: pci_bus 0000:00: resource 7 [mem 0x7f800000-0xdfffffff window]
7月 08 08:10:09 g kernel: pci_bus 0000:00: resource 8 [mem 0xfd000000-0xfe7fffff window]
7月 08 08:10:09 g kernel: pci_bus 0000:01: resource 0 [io  0xe000-0xefff]
7月 08 08:10:09 g kernel: pci_bus 0000:01: resource 1 [mem 0xc0000000-0xd02fffff]
7月 08 08:10:09 g kernel: pci_bus 0000:02: resource 1 [mem 0xd2100000-0xd21fffff]
7月 08 08:10:09 g kernel: pci_bus 0000:03: resource 0 [io  0xd000-0xdfff]
7月 08 08:10:09 g kernel: pci_bus 0000:03: resource 1 [mem 0xd2000000-0xd20fffff]
7月 08 08:10:09 g kernel: NET: Registered protocol family 2
7月 08 08:10:09 g kernel: tcp_listen_portaddr_hash hash table entries: 4096 (order: 4, 65536 bytes)
7月 08 08:10:09 g kernel: TCP established hash table entries: 65536 (order: 7, 524288 bytes)
7月 08 08:10:09 g kernel: TCP bind hash table entries: 65536 (order: 8, 1048576 bytes)
7月 08 08:10:09 g kernel: TCP: Hash tables configured (established 65536 bind 65536)
7月 08 08:10:09 g kernel: UDP hash table entries: 4096 (order: 5, 131072 bytes)
7月 08 08:10:09 g kernel: UDP-Lite hash table entries: 4096 (order: 5, 131072 bytes)
7月 08 08:10:09 g kernel: NET: Registered protocol family 1
7月 08 08:10:09 g kernel: NET: Registered protocol family 44
7月 08 08:10:09 g kernel: pci 0000:00:02.0: Video device with shadowed ROM at [mem 0x000c0000-0x000dffff]
7月 08 08:10:09 g kernel: PCI: CLS 0 bytes, default 64
7月 08 08:10:09 g kernel: Unpacking initramfs...
7月 08 08:10:09 g kernel: Freeing initrd memory: 29324K
7月 08 08:10:09 g kernel: DMAR: ACPI device "device:70" under DMAR at fed91000 as 00:15.0
7月 08 08:10:09 g kernel: DMAR: ACPI device "device:71" under DMAR at fed91000 as 00:15.1
7月 08 08:10:09 g kernel: PCI-DMA: Using software bounce buffering for IO (SWIOTLB)
7月 08 08:10:09 g kernel: software IO TLB: mapped [mem 0x6f122000-0x73122000] (64MB)
7月 08 08:10:09 g kernel: clocksource: tsc: mask: 0xffffffffffffffff max_cycles: 0x2717868ea45, max_idle_ns: 440795316085 ns
7月 08 08:10:09 g kernel: clocksource: Switched to clocksource tsc
7月 08 08:10:09 g kernel: Initialise system trusted keyrings
7月 08 08:10:09 g kernel: Key type blacklist registered
7月 08 08:10:09 g kernel: workingset: timestamp_bits=40 max_order=21 bucket_order=0
7月 08 08:10:09 g kernel: zbud: loaded
7月 08 08:10:09 g kernel: pstore: using deflate compression
7月 08 08:10:09 g kernel: Key type asymmetric registered
7月 08 08:10:09 g kernel: Asymmetric key parser 'x509' registered
7月 08 08:10:09 g kernel: Block layer SCSI generic (bsg) driver version 0.4 loaded (major 247)
7月 08 08:10:09 g kernel: io scheduler noop registered
7月 08 08:10:09 g kernel: io scheduler deadline registered
7月 08 08:10:09 g kernel: io scheduler cfq registered (default)
7月 08 08:10:09 g kernel: io scheduler mq-deadline registered
7月 08 08:10:09 g kernel: pcieport 0000:00:1c.0: AER enabled with IRQ 122
7月 08 08:10:09 g kernel: pcieport 0000:00:1c.4: AER enabled with IRQ 123
7月 08 08:10:09 g kernel: pcieport 0000:00:1c.5: AER enabled with IRQ 124
7月 08 08:10:09 g kernel: pcieport 0000:00:1c.0: Signaling PME with IRQ 122
7月 08 08:10:09 g kernel: pcieport 0000:00:1c.4: Signaling PME with IRQ 123
7月 08 08:10:09 g kernel: pcieport 0000:00:1c.5: Signaling PME with IRQ 124
7月 08 08:10:09 g kernel: shpchp: Standard Hot Plug PCI Controller Driver version: 0.4
7月 08 08:10:09 g kernel: efifb: probing for efifb
7月 08 08:10:09 g kernel: efifb: framebuffer at 0xb0000000, using 8128k, total 8128k
7月 08 08:10:09 g kernel: efifb: mode is 1920x1080x32, linelength=7680, pages=1
7月 08 08:10:09 g kernel: efifb: scrolling: redraw
7月 08 08:10:09 g kernel: efifb: Truecolor: size=8:8:8:8, shift=24:16:8:0
7月 08 08:10:09 g kernel: Console: switching to colour frame buffer device 240x67
7月 08 08:10:09 g kernel: fb0: EFI VGA frame buffer device
7月 08 08:10:09 g kernel: intel_idle: MWAIT substates: 0x11142120
7月 08 08:10:09 g kernel: intel_idle: v0.4.1 model 0x8E
7月 08 08:10:09 g kernel: intel_idle: lapic_timer_reliable_states 0xffffffff
7月 08 08:10:09 g kernel: Serial: 8250/16550 driver, 4 ports, IRQ sharing enabled
7月 08 08:10:09 g kernel: Linux agpgart interface v0.103
7月 08 08:10:09 g kernel: AMD IOMMUv2 driver by Joerg Roedel <jroedel@suse.de>
7月 08 08:10:09 g kernel: AMD IOMMUv2 functionality not available on this system
7月 08 08:10:09 g kernel: i8042: PNP: PS/2 Controller [PNP0303:PS2K,PNP0f13:PS2M] at 0x60,0x64 irq 1,12
7月 08 08:10:09 g kernel: i8042: Warning: Keylock active
7月 08 08:10:09 g kernel: serio: i8042 KBD port at 0x60,0x64 irq 1
7月 08 08:10:09 g kernel: serio: i8042 AUX port at 0x60,0x64 irq 12
7月 08 08:10:09 g kernel: mousedev: PS/2 mouse device common for all mice
7月 08 08:10:09 g kernel: rtc_cmos 00:01: RTC can wake from S4
7月 08 08:10:09 g kernel: rtc_cmos 00:01: registered as rtc0
7月 08 08:10:09 g kernel: rtc_cmos 00:01: alarms up to one month, y3k, 242 bytes nvram, hpet irqs
7月 08 08:10:09 g kernel: intel_pstate: Intel P-state driver initializing
7月 08 08:10:09 g kernel: input: AT Translated Set 2 keyboard as /devices/platform/i8042/serio0/input/input0
7月 08 08:10:09 g kernel: intel_pstate: HWP enabled
7月 08 08:10:09 g kernel: ledtrig-cpu: registered to indicate activity on CPUs
7月 08 08:10:09 g kernel: NET: Registered protocol family 10
7月 08 08:10:09 g kernel: Segment Routing with IPv6
7月 08 08:10:09 g kernel: mip6: Mobile IPv6
7月 08 08:10:09 g kernel: NET: Registered protocol family 17
7月 08 08:10:09 g kernel: mpls_gso: MPLS GSO support
7月 08 08:10:09 g kernel: microcode: sig=0x806e9, pf=0x80, revision=0xb4
7月 08 08:10:09 g kernel: microcode: Microcode Update Driver: v2.2.
7月 08 08:10:09 g kernel: sched_clock: Marking stable (1126753682, -3486451)->(1129199812, -5932581)
7月 08 08:10:09 g kernel: registered taskstats version 1
7月 08 08:10:09 g kernel: Loading compiled-in X.509 certificates
7月 08 08:10:09 g kernel: Loaded X.509 cert 'Debian Secure Boot CA: 6ccece7e4c6c0d1f6149f3dd27dfcc5cbb419ea1'
7月 08 08:10:09 g kernel: Loaded X.509 cert 'Debian Secure Boot Signer: 00a7468def'
7月 08 08:10:09 g kernel: Loaded UEFI:db cert 'Dell Inc. UEFI DB: 5ddb772dc880660055ba0bc131886bb630a639e7' linked to secondary sys keyring
7月 08 08:10:09 g kernel: Loaded UEFI:db cert 'Microsoft Corporation UEFI CA 2011: 13adbf4309bd82709c8cd54f316ed522988a1bd4' linked to secondary sys keyring
7月 08 08:10:09 g kernel: Loaded UEFI:db cert 'Microsoft Windows Production PCA 2011: a92902398e16c49778cd90f99e4f9ae17c55af53' linked to secondary sys keyring
7月 08 08:10:09 g kernel: zswap: loaded using pool lzo/zbud
7月 08 08:10:09 g kernel: AppArmor: AppArmor sha1 policy hashing enabled
7月 08 08:10:09 g kernel: rtc_cmos 00:01: setting system clock to 2019-07-08 00:10:09 UTC (1562544609)
7月 08 08:10:09 g kernel: Freeing unused kernel image memory: 1580K
7月 08 08:10:09 g kernel: Write protecting the kernel read-only data: 16384k
7月 08 08:10:09 g kernel: Freeing unused kernel image memory: 2028K
7月 08 08:10:09 g kernel: Freeing unused kernel image memory: 912K
7月 08 08:10:09 g kernel: x86/mm: Checked W+X mappings: passed, no W+X pages found.
7月 08 08:10:09 g kernel: x86/mm: Checking user space page tables
7月 08 08:10:09 g kernel: x86/mm: Checked W+X mappings: passed, no W+X pages found.
7月 08 08:10:09 g kernel: Run /init as init process
7月 08 08:10:09 g systemd[1]: Inserted module 'autofs4'
7月 08 08:10:09 g systemd[1]: systemd 241 running in system mode. (+PAM +AUDIT +SELINUX +IMA +APPARMOR +SMACK +SYSVINIT +UTMP +LIBCRYPTSETUP +GCRYPT +GNUTLS +ACL +XZ +LZ4 +SECCOMP +BLKID +ELFUTILS +KMOD -IDN2 +IDN -PCRE2 default-hierarchy=hybrid)
7月 08 08:10:09 g systemd[1]: Detected architecture x86-64.
7月 08 08:10:09 g systemd[1]: Running in initial RAM disk.
7月 08 08:10:09 g systemd[1]: Set hostname to <g>.
7月 08 08:10:09 g systemd[1]: Listening on udev Control Socket.
7月 08 08:10:09 g systemd[1]: Listening on Journal Socket.
7月 08 08:10:09 g systemd[1]: Starting Load Kernel Modules...
7月 08 08:10:09 g systemd[1]: Reached target Slices.
7月 08 08:10:09 g systemd[1]: Listening on udev Kernel Socket.
7月 08 08:10:09 g systemd[1]: Reached target Swap.
7月 08 08:10:09 g kernel: lp: driver loaded but no devices found
7月 08 08:10:09 g kernel: ppdev: user-space parallel port driver
7月 08 08:10:09 g systemd-journald[115]: Journal started
7月 08 08:10:09 g systemd-journald[115]: Runtime journal (/run/log/journal/75cbd17f2b1e472187c6bc5e792bf571) is 8.0M, max 393.8M, 385.8M free.
7月 08 08:10:09 g systemd-modules-load[112]: Inserted module 'lp'
7月 08 08:10:09 g systemd-modules-load[112]: Inserted module 'ppdev'
7月 08 08:10:09 g systemd-modules-load[112]: Inserted module 'parport_pc'
7月 08 08:10:09 g systemd-modules-load[112]: Failed to find module 'igfxdcd'
7月 08 08:10:09 g dracut-cmdline[131]: dracut-10 (buster) dracut-048+80-1-1-3-gebb7dd39
7月 08 08:10:09 g dracut-cmdline[131]: Using kernel command line parameters: resume=UUID=d3947a6a-16d2-47e3-b46a-412131320dbe root=UUID=b9e4eb2b-348e-4ccf-913e-e690850a231c rootfstype=ext4 rootflags=rw,relatime,errors=remount-ro BOOT_IMAGE=/boot/vmlinuz-4.19.0-5-amd64 root=UUID=b9e4eb2b-348e-4ccf-913e-e690850a231c ro quiet
7月 08 08:10:09 g systemd[1]: Started dracut pre-udev hook.
7月 08 08:10:09 g systemd[1]: Starting udev Kernel Device Manager...
7月 08 08:10:09 g systemd[1]: Started udev Kernel Device Manager.
7月 08 08:10:09 g systemd[1]: Condition check resulted in dracut pre-trigger hook being skipped.
7月 08 08:10:09 g systemd[1]: Starting udev Coldplug all Devices...
7月 08 08:10:09 g systemd[1]: Started udev Coldplug all Devices.
7月 08 08:10:09 g systemd[1]: Starting Show Plymouth Boot Screen...
7月 08 08:10:09 g systemd[1]: Starting dracut initqueue hook...
7月 08 08:10:09 g systemd[1]: Received SIGRTMIN+20 from PID 204 (plymouthd).
7月 08 08:10:09 g systemd[1]: Started Show Plymouth Boot Screen.
7月 08 08:10:09 g systemd[1]: Started Forward Password Requests to Plymouth Directory Watch.
7月 08 08:10:09 g systemd[1]: Condition check resulted in Dispatch Password Requests to Console Directory Watch being skipped.
7月 08 08:10:09 g systemd[1]: Reached target Paths.
7月 08 08:10:09 g kernel: hidraw: raw HID events driver (C) Jiri Kosina
7月 08 08:10:10 g kernel: SCSI subsystem initialized
7月 08 08:10:10 g kernel: ACPI: bus type USB registered
7月 08 08:10:10 g kernel: usbcore: registered new interface driver usbfs
7月 08 08:10:10 g kernel: usbcore: registered new interface driver hub
7月 08 08:10:10 g kernel: usbcore: registered new device driver usb
7月 08 08:10:10 g kernel: libata version 3.00 loaded.
7月 08 08:10:10 g kernel: ahci 0000:00:17.0: version 3.0
7月 08 08:10:10 g kernel: ahci 0000:00:17.0: SSS flag set, parallel bus scan disabled
7月 08 08:10:10 g kernel: xhci_hcd 0000:00:14.0: xHCI Host Controller
7月 08 08:10:10 g kernel: xhci_hcd 0000:00:14.0: new USB bus registered, assigned bus number 1
7月 08 08:10:10 g kernel: xhci_hcd 0000:00:14.0: hcc params 0x200077c1 hci version 0x100 quirks 0x0000000081109810
7月 08 08:10:10 g kernel: xhci_hcd 0000:00:14.0: cache line size of 64 is not supported
7月 08 08:10:10 g kernel: usb usb1: New USB device found, idVendor=1d6b, idProduct=0002, bcdDevice= 4.19
7月 08 08:10:10 g kernel: usb usb1: New USB device strings: Mfr=3, Product=2, SerialNumber=1
7月 08 08:10:10 g kernel: usb usb1: Product: xHCI Host Controller
7月 08 08:10:10 g kernel: usb usb1: Manufacturer: Linux 4.19.0-5-amd64 xhci-hcd
7月 08 08:10:10 g kernel: usb usb1: SerialNumber: 0000:00:14.0
7月 08 08:10:10 g kernel: hub 1-0:1.0: USB hub found
7月 08 08:10:10 g kernel: hub 1-0:1.0: 12 ports detected
7月 08 08:10:10 g kernel: xhci_hcd 0000:00:14.0: xHCI Host Controller
7月 08 08:10:10 g kernel: xhci_hcd 0000:00:14.0: new USB bus registered, assigned bus number 2
7月 08 08:10:10 g kernel: xhci_hcd 0000:00:14.0: Host supports USB 3.0  SuperSpeed
7月 08 08:10:10 g kernel: usb usb2: New USB device found, idVendor=1d6b, idProduct=0003, bcdDevice= 4.19
7月 08 08:10:10 g kernel: usb usb2: New USB device strings: Mfr=3, Product=2, SerialNumber=1
7月 08 08:10:10 g kernel: usb usb2: Product: xHCI Host Controller
7月 08 08:10:10 g kernel: usb usb2: Manufacturer: Linux 4.19.0-5-amd64 xhci-hcd
7月 08 08:10:10 g kernel: usb usb2: SerialNumber: 0000:00:14.0
7月 08 08:10:10 g kernel: hub 2-0:1.0: USB hub found
7月 08 08:10:10 g kernel: hub 2-0:1.0: 6 ports detected
7月 08 08:10:10 g kernel: ahci 0000:00:17.0: AHCI 0001.0301 32 slots 2 ports 6 Gbps 0x3 impl SATA mode
7月 08 08:10:10 g kernel: ahci 0000:00:17.0: flags: 64bit ncq stag pm led clo only pio slum part deso sadm sds apst 
7月 08 08:10:10 g systemd-udevd[195]: link_config: autonegotiation is unset or enabled, the speed and duplex are not writable.
7月 08 08:10:10 g kernel: scsi host0: ahci
7月 08 08:10:10 g kernel: scsi host1: ahci
7月 08 08:10:10 g kernel: ata1: SATA max UDMA/133 abar m2048@0xd2233000 port 0xd2233100 irq 125
7月 08 08:10:10 g kernel: ata2: SATA max UDMA/133 abar m2048@0xd2233000 port 0xd2233180 irq 125
7月 08 08:10:10 g kernel: checking generic (b0000000 7f0000) vs hw (b0000000 10000000)
7月 08 08:10:10 g kernel: fb: switching to inteldrmfb from EFI VGA
7月 08 08:10:10 g kernel: Console: switching to colour dummy device 80x25
7月 08 08:10:10 g kernel: [drm] Replacing VGA console driver
7月 08 08:10:10 g kernel: [drm] Supports vblank timestamp caching Rev 2 (21.10.2013).
7月 08 08:10:10 g kernel: [drm] Driver supports precise vblank timestamp query.
7月 08 08:10:10 g kernel: i915 0000:00:02.0: vgaarb: changed VGA decodes: olddecodes=io+mem,decodes=io+mem:owns=io+mem
7月 08 08:10:10 g kernel: i915 0000:00:02.0: firmware: direct-loading firmware i915/kbl_dmc_ver1_04.bin
7月 08 08:10:10 g kernel: [drm] Finished loading DMC firmware i915/kbl_dmc_ver1_04.bin (v1.4)
7月 08 08:10:10 g kernel: [drm] Initialized i915 1.6.0 20180719 for 0000:00:02.0 on minor 0
7月 08 08:10:10 g kernel: ACPI: Video Device [GFX0] (multi-head: yes  rom: no  post: no)
7月 08 08:10:10 g kernel: input: Video Bus as /devices/LNXSYSTM:00/LNXSYBUS:00/PNP0A08:00/LNXVIDEO:00/input/input2
7月 08 08:10:10 g kernel: [drm] amdgpu kernel modesetting enabled.
7月 08 08:10:10 g kernel: vga_switcheroo: detected switching method \_SB_.PCI0.GFX0.ATPX handle
7月 08 08:10:10 g kernel: ATPX version 1, functions 0x00000033
7月 08 08:10:10 g kernel: ATPX Hybrid Graphics
7月 08 08:10:10 g kernel: fbcon: inteldrmfb (fb0) is primary device
7月 08 08:10:10 g kernel: CRAT table not found
7月 08 08:10:10 g kernel: Virtual CRAT table created for CPU
7月 08 08:10:10 g kernel: Parsing CRAT table with 1 nodes
7月 08 08:10:10 g kernel: Creating topology SYSFS entries
7月 08 08:10:10 g kernel: Topology: Add CPU node
7月 08 08:10:10 g kernel: Finished initializing topology
7月 08 08:10:10 g kernel: kfd kfd: Initialized module
7月 08 08:10:10 g kernel: usb 1-3: new full-speed USB device number 2 using xhci_hcd
7月 08 08:10:10 g kernel: ata1: SATA link up 6.0 Gbps (SStatus 133 SControl 300)
7月 08 08:10:10 g kernel: ata1.00: ATA-9: SanDisk X400 2.5 7MM 256GB, X4130012, max UDMA/133
7月 08 08:10:10 g kernel: ata1.00: 500118192 sectors, multi 1: LBA48 NCQ (depth 32), AA
7月 08 08:10:10 g kernel: ata1.00: configured for UDMA/133
7月 08 08:10:10 g kernel: scsi 0:0:0:0: Direct-Access     ATA      SanDisk X400 2.5 0012 PQ: 0 ANSI: 5
7月 08 08:10:10 g kernel: usb 1-3: New USB device found, idVendor=24ae, idProduct=2010, bcdDevice= 1.10
7月 08 08:10:10 g kernel: usb 1-3: New USB device strings: Mfr=1, Product=2, SerialNumber=0
7月 08 08:10:10 g kernel: usb 1-3: Product: Rapoo 2.4G Wireless Device
7月 08 08:10:10 g kernel: usb 1-3: Manufacturer: RAPOO
7月 08 08:10:10 g kernel: usbcore: registered new interface driver usbhid
7月 08 08:10:10 g kernel: usbhid: USB HID core driver
7月 08 08:10:10 g kernel: input: RAPOO Rapoo 2.4G Wireless Device as /devices/pci0000:00/0000:00:14.0/usb1/1-3/1-3:1.0/0003:24AE:2010.0001/input/input3
7月 08 08:10:10 g kernel: hid-generic 0003:24AE:2010.0001: input,hidraw0: USB HID v1.10 Mouse [RAPOO Rapoo 2.4G Wireless Device] on usb-0000:00:14.0-3/input0
7月 08 08:10:10 g kernel: input: RAPOO Rapoo 2.4G Wireless Device System Control as /devices/pci0000:00/0000:00:14.0/usb1/1-3/1-3:1.1/0003:24AE:2010.0002/input/input5
7月 08 08:10:10 g kernel: input: RAPOO Rapoo 2.4G Wireless Device Consumer Control as /devices/pci0000:00/0000:00:14.0/usb1/1-3/1-3:1.1/0003:24AE:2010.0002/input/input6
7月 08 08:10:10 g kernel: hid-generic 0003:24AE:2010.0002: input,hiddev0,hidraw1: USB HID v1.10 Device [RAPOO Rapoo 2.4G Wireless Device] on usb-0000:00:14.0-3/input1
7月 08 08:10:10 g kernel: input: RAPOO Rapoo 2.4G Wireless Device as /devices/pci0000:00/0000:00:14.0/usb1/1-3/1-3:1.2/0003:24AE:2010.0003/input/input7
7月 08 08:10:10 g kernel: usb 1-5: new high-speed USB device number 3 using xhci_hcd
7月 08 08:10:10 g kernel: hid-generic 0003:24AE:2010.0003: input,hidraw2: USB HID v1.10 Keyboard [RAPOO Rapoo 2.4G Wireless Device] on usb-0000:00:14.0-3/input2
7月 08 08:10:10 g kernel: ata2: SATA link up 1.5 Gbps (SStatus 113 SControl 300)
7月 08 08:10:10 g kernel: ata2.00: ATAPI: HL-DT-ST DVD+/-RW GU90N, A1C1, max UDMA/100
7月 08 08:10:10 g kernel: ata2.00: configured for UDMA/100
7月 08 08:10:10 g kernel: scsi 1:0:0:0: CD-ROM            HL-DT-ST DVD+-RW GU90N    A1C1 PQ: 0 ANSI: 5
7月 08 08:10:10 g kernel: usb 1-5: New USB device found, idVendor=1bcf, idProduct=2c01, bcdDevice=65.03
7月 08 08:10:10 g kernel: usb 1-5: New USB device strings: Mfr=1, Product=2, SerialNumber=0
7月 08 08:10:10 g kernel: usb 1-5: Product: Integrated Webcam
7月 08 08:10:10 g kernel: usb 1-5: Manufacturer: SY20100110165736
7月 08 08:10:10 g kernel: usb 1-6: new high-speed USB device number 4 using xhci_hcd
7月 08 08:10:11 g kernel: usb 1-6: New USB device found, idVendor=0bda, idProduct=0129, bcdDevice=39.60
7月 08 08:10:11 g kernel: usb 1-6: New USB device strings: Mfr=1, Product=2, SerialNumber=3
7月 08 08:10:11 g kernel: usb 1-6: Product: USB2.0-CRW
7月 08 08:10:11 g kernel: usb 1-6: Manufacturer: Generic
7月 08 08:10:11 g kernel: usb 1-6: SerialNumber: 20100201396000000
7月 08 08:10:11 g kernel: usbcore: registered new interface driver rtsx_usb
7月 08 08:10:11 g kernel: usb 1-8: new full-speed USB device number 5 using xhci_hcd
7月 08 08:10:11 g kernel: Console: switching to colour frame buffer device 240x67
7月 08 08:10:11 g kernel: i915 0000:00:02.0: fb0: inteldrmfb frame buffer device
7月 08 08:10:11 g kernel: amdgpu 0000:01:00.0: enabling device (0006 -> 0007)
7月 08 08:10:11 g kernel: [drm] initializing kernel modesetting (TOPAZ 0x1002:0x6900 0x1028:0x0767 0xC3).
7月 08 08:10:11 g kernel: [drm] register mmio base: 0xD0200000
7月 08 08:10:11 g kernel: [drm] register mmio size: 262144
7月 08 08:10:11 g kernel: [drm] add ip block number 0 <vi_common>
7月 08 08:10:11 g kernel: [drm] add ip block number 1 <gmc_v7_0>
7月 08 08:10:11 g kernel: [drm] add ip block number 2 <iceland_ih>
7月 08 08:10:11 g kernel: [drm] add ip block number 3 <powerplay>
7月 08 08:10:11 g kernel: [drm] add ip block number 4 <gfx_v8_0>
7月 08 08:10:11 g kernel: [drm] add ip block number 5 <sdma_v2_4>
7月 08 08:10:11 g kernel: amdgpu 0000:01:00.0: kfd not supported on this ASIC
7月 08 08:10:11 g kernel: vga_switcheroo: enabled
7月 08 08:10:11 g kernel: usb 1-8: New USB device found, idVendor=8087, idProduct=0a2a, bcdDevice= 0.01
7月 08 08:10:11 g kernel: usb 1-8: New USB device strings: Mfr=0, Product=0, SerialNumber=0
7月 08 08:10:11 g kernel: sd 0:0:0:0: [sda] 500118192 512-byte logical blocks: (256 GB/238 GiB)
7月 08 08:10:11 g kernel: sd 0:0:0:0: [sda] Write Protect is off
7月 08 08:10:11 g kernel: sd 0:0:0:0: [sda] Mode Sense: 00 3a 00 00
7月 08 08:10:11 g kernel: sd 0:0:0:0: [sda] Write cache: enabled, read cache: enabled, doesn't support DPO or FUA
7月 08 08:10:11 g kernel:  sda: sda1 sda2 sda3 sda4 sda5 sda6 sda7 sda8 sda10
7月 08 08:10:11 g kernel: sd 0:0:0:0: [sda] Attached SCSI disk
7月 08 08:10:11 g kernel: ATOM BIOS: BR46858.006
7月 08 08:10:11 g kernel: [drm] GPU posting now...
7月 08 08:10:11 g kernel: [drm] vm size is 64 GB, 2 levels, block size is 10-bit, fragment size is 9-bit
7月 08 08:10:11 g kernel: amdgpu 0000:01:00.0: firmware: direct-loading firmware amdgpu/topaz_mc.bin
7月 08 08:10:11 g kernel: amdgpu 0000:01:00.0: VRAM: 4096M 0x000000F400000000 - 0x000000F4FFFFFFFF (4096M used)
7月 08 08:10:11 g kernel: amdgpu 0000:01:00.0: GART: 256M 0x0000000000000000 - 0x000000000FFFFFFF
7月 08 08:10:11 g kernel: [drm] Detected VRAM RAM=4096M, BAR=256M
7月 08 08:10:11 g kernel: [drm] RAM width 64bits GDDR5
7月 08 08:10:11 g kernel: [TTM] Zone  kernel: Available graphics memory: 4033102 kiB
7月 08 08:10:11 g kernel: [TTM] Zone   dma32: Available graphics memory: 2097152 kiB
7月 08 08:10:11 g kernel: [TTM] Initializing pool allocator
7月 08 08:10:11 g kernel: [TTM] Initializing DMA pool allocator
7月 08 08:10:11 g kernel: [drm] amdgpu: 4096M of VRAM memory ready
7月 08 08:10:11 g kernel: [drm] amdgpu: 4096M of GTT memory ready.
7月 08 08:10:11 g kernel: [drm] GART: num cpu pages 65536, num gpu pages 65536
7月 08 08:10:11 g kernel: [drm] PCIE GART of 256M enabled (table at 0x000000F400000000).
7月 08 08:10:11 g kernel: [drm] Supports vblank timestamp caching Rev 2 (21.10.2013).
7月 08 08:10:11 g kernel: [drm] Driver supports precise vblank timestamp query.
7月 08 08:10:11 g kernel: amdgpu 0000:01:00.0: firmware: direct-loading firmware amdgpu/topaz_pfp.bin
7月 08 08:10:11 g kernel: amdgpu 0000:01:00.0: firmware: direct-loading firmware amdgpu/topaz_me.bin
7月 08 08:10:11 g kernel: amdgpu 0000:01:00.0: firmware: direct-loading firmware amdgpu/topaz_ce.bin
7月 08 08:10:11 g kernel: amdgpu 0000:01:00.0: firmware: direct-loading firmware amdgpu/topaz_rlc.bin
7月 08 08:10:11 g kernel: amdgpu 0000:01:00.0: firmware: direct-loading firmware amdgpu/topaz_mec.bin
7月 08 08:10:11 g kernel: amdgpu 0000:01:00.0: firmware: direct-loading firmware amdgpu/topaz_sdma.bin
7月 08 08:10:11 g kernel: amdgpu 0000:01:00.0: firmware: direct-loading firmware amdgpu/topaz_sdma1.bin
7月 08 08:10:11 g kernel: amdgpu 0000:01:00.0: firmware: direct-loading firmware amdgpu/topaz_smc.bin
7月 08 08:10:11 g kernel: sr 1:0:0:0: [sr0] scsi3-mmc drive: 24x/24x writer dvd-ram cd/rw xa/form2 cdda tray
7月 08 08:10:11 g kernel: cdrom: Uniform CD-ROM driver Revision: 3.20
7月 08 08:10:11 g kernel: sr 1:0:0:0: Attached scsi CD-ROM sr0
7月 08 08:10:11 g kernel: amdgpu: [powerplay] can't get the mac of 5
7月 08 08:10:11 g kernel: [drm] Initialized amdgpu 3.27.0 20150101 for 0000:01:00.0 on minor 1
7月 08 08:10:11 g systemd[1]: Found device SanDisk_X400_2.5_7MM_256GB ESP.
7月 08 08:10:11 g systemd[1]: Found device SanDisk_X400_2.5_7MM_256GB 3.
7月 08 08:10:11 g systemd[1]: Reached target Initrd Root Device.
7月 08 08:10:11 g systemd[1]: Started dracut initqueue hook.
7月 08 08:10:11 g systemd[1]: Condition check resulted in dracut pre-mount hook being skipped.
7月 08 08:10:11 g systemd[1]: Starting File System Check on /dev/disk/by-uuid/b9e4eb2b-348e-4ccf-913e-e690850a231c...
7月 08 08:10:11 g systemd[1]: Reached target Remote File Systems (Pre).
7月 08 08:10:11 g systemd[1]: Reached target Remote File Systems.
7月 08 08:10:11 g systemd-fsck[268]: /dev/sda3: clean, 821060/3973120 files, 10608325/15867648 blocks
7月 08 08:10:11 g systemd[1]: Started File System Check on /dev/disk/by-uuid/b9e4eb2b-348e-4ccf-913e-e690850a231c.
7月 08 08:10:11 g systemd[1]: Mounting /sysroot...
7月 08 08:10:11 g systemd[1]: Mounted /sysroot.
7月 08 08:10:11 g systemd[1]: Reached target Initrd Root File System.
7月 08 08:10:11 g kernel: EXT4-fs (sda3): mounted filesystem with ordered data mode. Opts: (null)
7月 08 08:10:11 g systemd[1]: Starting Reload Configuration from the Real Root...
7月 08 08:10:11 g systemd[1]: Reached target Local File Systems.
7月 08 08:10:11 g systemd[1]: Starting Create Volatile Files and Directories...
7月 08 08:10:11 g systemd[1]: Reloading.
7月 08 08:10:11 g systemd[1]: Started Create Volatile Files and Directories.
7月 08 08:10:11 g systemd[1]: Reached target System Initialization.
7月 08 08:10:11 g systemd[1]: Reached target Basic System.
7月 08 08:10:11 g systemd[1]: initrd-parse-etc.service: Succeeded.
7月 08 08:10:11 g systemd[1]: Started Reload Configuration from the Real Root.
7月 08 08:10:11 g systemd[1]: Condition check resulted in dracut mount hook being skipped.
7月 08 08:10:11 g systemd[1]: Reached target Initrd File Systems.
7月 08 08:10:11 g systemd[1]: Reached target Initrd Default Target.
7月 08 08:10:11 g systemd[1]: Starting dracut pre-pivot and cleanup hook...
7月 08 08:10:11 g systemd[1]: Started dracut pre-pivot and cleanup hook.
7月 08 08:10:11 g systemd[1]: Starting Cleaning Up and Shutting Down Daemons...
7月 08 08:10:11 g systemd[1]: Starting Plymouth switch root service...
7月 08 08:10:11 g systemd[1]: Stopped target Timers.
7月 08 08:10:11 g systemd[1]: dracut-pre-pivot.service: Succeeded.
7月 08 08:10:11 g systemd[1]: Stopped dracut pre-pivot and cleanup hook.
7月 08 08:10:11 g systemd[1]: Stopped target Initrd Default Target.
7月 08 08:10:11 g systemd[1]: Stopped target Initrd Root Device.
7月 08 08:10:11 g systemd[1]: Stopped target Basic System.
7月 08 08:10:11 g systemd[1]: Stopped target Slices.
7月 08 08:10:11 g systemd[1]: Stopped target System Initialization.
7月 08 08:10:11 g systemd[1]: Stopped target Swap.
7月 08 08:10:11 g systemd[1]: Stopping udev Kernel Device Manager...
7月 08 08:10:11 g systemd[1]: systemd-sysctl.service: Succeeded.
7月 08 08:10:11 g systemd[1]: Stopped Apply Kernel Variables.
7月 08 08:10:11 g systemd[1]: systemd-tmpfiles-setup.service: Succeeded.
7月 08 08:10:11 g systemd[1]: Stopped Create Volatile Files and Directories.
7月 08 08:10:11 g systemd[1]: Stopped target Local File Systems.
7月 08 08:10:11 g systemd[1]: Stopped target Paths.
7月 08 08:10:11 g systemd[1]: Stopped target Sockets.
7月 08 08:10:11 g systemd[1]: Stopped target Remote File Systems.
7月 08 08:10:11 g systemd[1]: Stopped target Remote File Systems (Pre).
7月 08 08:10:11 g systemd[1]: dracut-initqueue.service: Succeeded.
7月 08 08:10:11 g systemd[1]: Stopped dracut initqueue hook.
7月 08 08:10:11 g systemd[1]: systemd-udev-trigger.service: Succeeded.
7月 08 08:10:11 g systemd[1]: Stopped udev Coldplug all Devices.
7月 08 08:10:11 g systemd[1]: initrd-cleanup.service: Succeeded.
7月 08 08:10:11 g systemd[1]: Started Cleaning Up and Shutting Down Daemons.
7月 08 08:10:11 g systemd[1]: plymouth-switch-root.service: Succeeded.
7月 08 08:10:11 g systemd[1]: Started Plymouth switch root service.
7月 08 08:10:11 g systemd[1]: systemd-udevd.service: Succeeded.
7月 08 08:10:11 g systemd[1]: Stopped udev Kernel Device Manager.
7月 08 08:10:11 g systemd[1]: dracut-pre-udev.service: Succeeded.
7月 08 08:10:11 g systemd[1]: Stopped dracut pre-udev hook.
7月 08 08:10:11 g systemd[1]: dracut-cmdline.service: Succeeded.
7月 08 08:10:11 g systemd[1]: Stopped dracut cmdline hook.
7月 08 08:10:11 g systemd[1]: dracut-cmdline-ask.service: Succeeded.
7月 08 08:10:11 g systemd[1]: Stopped dracut ask for additional cmdline parameters.
7月 08 08:10:11 g systemd[1]: systemd-tmpfiles-setup-dev.service: Succeeded.
7月 08 08:10:11 g systemd[1]: Stopped Create Static Device Nodes in /dev.
7月 08 08:10:11 g systemd[1]: kmod-static-nodes.service: Succeeded.
7月 08 08:10:11 g systemd[1]: Stopped Create list of required static device nodes for the current kernel.
7月 08 08:10:11 g systemd[1]: systemd-udevd-control.socket: Succeeded.
7月 08 08:10:11 g systemd[1]: Closed udev Control Socket.
7月 08 08:10:11 g systemd[1]: systemd-udevd-kernel.socket: Succeeded.
7月 08 08:10:11 g systemd[1]: Closed udev Kernel Socket.
7月 08 08:10:11 g systemd[1]: Starting Cleanup udevd DB...
7月 08 08:10:11 g systemd[1]: initrd-udevadm-cleanup-db.service: Succeeded.
7月 08 08:10:11 g systemd[1]: Started Cleanup udevd DB.
7月 08 08:10:11 g systemd[1]: Reached target Switch Root.
7月 08 08:10:11 g systemd[1]: Starting Switch Root...
7月 08 08:10:11 g systemd[1]: Switching root.
7月 08 08:10:12 g systemd-journald[115]: Journal stopped
7月 08 08:10:12 g systemd-journald[115]: Received SIGTERM from PID 1 (systemd).
7月 08 08:10:12 g kernel: systemd: 20 output lines suppressed due to ratelimiting
7月 08 08:10:12 g systemd[1]: systemd 241 running in system mode. (+PAM +AUDIT +SELINUX +IMA +APPARMOR +SMACK +SYSVINIT +UTMP +LIBCRYPTSETUP +GCRYPT +GNUTLS +ACL +XZ +LZ4 +SECCOMP +BLKID +ELFUTILS +KMOD -IDN2 +IDN -PCRE2 default-hierarchy=hybrid)
7月 08 08:10:12 g systemd[1]: Detected architecture x86-64.
7月 08 08:10:12 g systemd[1]: Set hostname to <g>.
7月 08 08:10:12 g systemd-rc-local-generator[336]: /etc/rc.local is not marked executable, skipping.
7月 08 08:10:12 g systemd[1]: initrd-switch-root.service: Succeeded.
7月 08 08:10:12 g systemd[1]: Stopped Switch Root.
7月 08 08:10:12 g systemd[1]: systemd-journald.service: Service has no hold-off time (RestartSec=0), scheduling restart.
7月 08 08:10:12 g systemd[1]: systemd-journald.service: Scheduled restart job, restart counter is at 1.
7月 08 08:10:12 g systemd[1]: Stopped Journal Service.
7月 08 08:10:12 g systemd[1]: Listening on LVM2 poll daemon socket.
7月 08 08:10:12 g systemd[1]: Created slice system-systemd\x2dfsck.slice.
7月 08 08:10:12 g kernel: EXT4-fs (sda3): re-mounted. Opts: errors=remount-ro
7月 08 08:10:12 g systemd-journald[349]: Journal started
7月 08 08:10:12 g systemd-journald[349]: Runtime journal (/run/log/journal/75cbd17f2b1e472187c6bc5e792bf571) is 8.0M, max 393.8M, 385.8M free.
7月 08 08:10:12 g systemd[1]: systemd-journald.service: Succeeded.
7月 08 08:10:12 g systemd-modules-load[350]: Failed to find module 'igfxdcd'
7月 08 08:10:12 g systemd[1]: Mounted POSIX Message Queue File System.
7月 08 08:10:12 g systemd[1]: Mounted Huge Pages File System.
7月 08 08:10:12 g systemd[1]: Started Remount Root and Kernel File Systems.
7月 08 08:10:12 g systemd[1]: Mounted Kernel Debug File System.
7月 08 08:10:12 g systemd[1]: systemd-modules-load.service: Main process exited, code=exited, status=1/FAILURE
7月 08 08:10:12 g systemd[1]: systemd-modules-load.service: Failed with result 'exit-code'.
7月 08 08:10:12 g systemd[1]: Failed to start Load Kernel Modules.
7月 08 08:10:12 g systemd[1]: Started Availability of block devices.
7月 08 08:10:12 g systemd[1]: Started Set the console keyboard layout.
7月 08 08:10:12 g systemd[1]: Started Create list of required static device nodes for the current kernel.
7月 08 08:10:12 g systemd[1]: Condition check resulted in FUSE Control File System being skipped.
7月 08 08:10:12 g systemd[1]: Starting Apply Kernel Variables...
7月 08 08:10:12 g systemd[1]: Condition check resulted in Kernel Configuration File System being skipped.
7月 08 08:10:12 g systemd[1]: Starting Load/Save Random Seed...
7月 08 08:10:12 g systemd[1]: Starting Create System Users...
7月 08 08:10:12 g systemd[1]: Condition check resulted in Rebuild Hardware Database being skipped.
7月 08 08:10:12 g systemd[1]: Starting Flush Journal to Persistent Storage...
7月 08 08:10:12 g systemd[1]: Started Apply Kernel Variables.
7月 08 08:10:12 g systemd[1]: Started Load/Save Random Seed.
7月 08 08:10:12 g systemd-journald[349]: Runtime journal (/run/log/journal/75cbd17f2b1e472187c6bc5e792bf571) is 8.0M, max 393.8M, 385.8M free.
7月 08 08:10:12 g systemd[1]: Started Create System Users.
7月 08 08:10:12 g systemd[1]: Starting Create Static Device Nodes in /dev...
7月 08 08:10:12 g systemd[1]: Started Flush Journal to Persistent Storage.
7月 08 08:10:12 g systemd-tmpfiles[364]: [/usr/lib/tmpfiles.d/speech-dispatcher.conf:1] Line references path below legacy directory /var/run/, updating /var/run/speech-dispatcher → /run/speech-dispatcher; please update the tmpfiles.d/ drop-in file accordingly.
7月 08 08:10:12 g systemd-tmpfiles[364]: [/usr/lib/tmpfiles.d/speech-dispatcher.conf:2] Line references path below legacy directory /var/run/, updating /var/run/speech-dispatcher/.cache → /run/speech-dispatcher/.cache; please update the tmpfiles.d/ drop-in file accordingly.
7月 08 08:10:12 g systemd-tmpfiles[364]: [/usr/lib/tmpfiles.d/speech-dispatcher.conf:3] Line references path below legacy directory /var/run/, updating /var/run/speech-dispatcher/.speech-dispatcher → /run/speech-dispatcher/.speech-dispatcher; please update the tmpfiles.d/ drop-in file accordingly.
7月 08 08:10:12 g systemd-tmpfiles[364]: [/usr/lib/tmpfiles.d/speech-dispatcher.conf:4] Line references path below legacy directory /var/run/, updating /var/run/speech-dispatcher/.cache/speech-dispatcher → /run/speech-dispatcher/.cache/speech-dispatcher; please update the tmpfiles.d/ drop-in file accordingly.
7月 08 08:10:12 g systemd-tmpfiles[364]: [/usr/lib/tmpfiles.d/speech-dispatcher.conf:5] Line references path below legacy directory /var/run/, updating /var/run/speech-dispatcher/log → /run/speech-dispatcher/log; please update the tmpfiles.d/ drop-in file accordingly.
7月 08 08:10:12 g systemd[1]: Started Create Static Device Nodes in /dev.
7月 08 08:10:12 g systemd[1]: Starting udev Kernel Device Manager...
7月 08 08:10:12 g systemd[1]: Started udev Coldplug all Devices.
7月 08 08:10:12 g systemd[1]: Starting Helper to synchronize boot up for ifupdown...
7月 08 08:10:12 g systemd[1]: Started Helper to synchronize boot up for ifupdown.
7月 08 08:10:12 g systemd-udevd[365]: /etc/udev/rules.d/99-xdroid.rules:1: NAME="%k" is ignored, because it breaks kernel supplied names; please remove
7月 08 08:10:12 g systemd-udevd[365]: /etc/udev/rules.d/99-xdroid.rules:2: NAME="%k" is ignored, because it breaks kernel supplied names; please remove
7月 08 08:10:12 g systemd[1]: Started udev Kernel Device Manager.
7月 08 08:10:12 g kernel: input: Lid Switch as /devices/LNXSYSTM:00/LNXSYBUS:00/PNP0C0D:00/input/input8
7月 08 08:10:12 g kernel: ACPI: Lid Switch [LID0]
7月 08 08:10:12 g kernel: input: Power Button as /devices/LNXSYSTM:00/LNXSYBUS:00/PNP0C0C:00/input/input9
7月 08 08:10:12 g kernel: ACPI: Power Button [PBTN]
7月 08 08:10:12 g kernel: input: Sleep Button as /devices/LNXSYSTM:00/LNXSYBUS:00/PNP0C0E:00/input/input10
7月 08 08:10:12 g kernel: ACPI: Sleep Button [SBTN]
7月 08 08:10:12 g kernel: input: Power Button as /devices/LNXSYSTM:00/LNXPWRBN:00/input/input11
7月 08 08:10:12 g kernel: ACPI: Power Button [PWRF]
7月 08 08:10:12 g kernel: ACPI: AC Adapter [AC] (on-line)
7月 08 08:10:12 g kernel: input: DELL Wireless hotkeys as /devices/virtual/input/input12
7月 08 08:10:12 g kernel: ACPI Warning: \_SB.IETM._TRT: Return Package has no elements (empty) (20180810/nsprepkg-96)
7月 08 08:10:12 g kernel: tpm_crb MSFT0101:00: [Firmware Bug]: ACPI region does not cover the entire command/response buffer. [mem 0xfed40000-0xfed4087f flags 0x200] vs fed40080 f80
7月 08 08:10:12 g kernel: tpm_crb MSFT0101:00: [Firmware Bug]: ACPI region does not cover the entire command/response buffer. [mem 0xfed40000-0xfed4087f flags 0x200] vs fed40080 f80
7月 08 08:10:12 g kernel: wmi_bus wmi_bus-PNP0C14:00: WQBC data block query control method not found
7月 08 08:10:12 g kernel: thermal LNXTHERM:00: registered as thermal_zone5
7月 08 08:10:12 g kernel: ACPI: Thermal Zone [THM] (25 C)
7月 08 08:10:12 g kernel: intel-lpss 0000:00:15.0: enabling device (0000 -> 0002)
7月 08 08:10:12 g kernel: battery: ACPI: Battery Slot [BAT0] (battery present)
7月 08 08:10:12 g kernel: mei_me 0000:00:16.0: enabling device (0000 -> 0002)
7月 08 08:10:12 g kernel: proc_thermal 0000:00:04.0: enabling device (0000 -> 0002)
7月 08 08:10:12 g kernel: i801_smbus 0000:00:1f.4: SPD Write Disable is set
7月 08 08:10:12 g kernel: i801_smbus 0000:00:1f.4: SMBus using PCI interrupt
7月 08 08:10:12 g kernel: idma64 idma64.0: Found Intel integrated DMA 64-bit
7月 08 08:10:12 g kernel: proc_thermal 0000:00:04.0: Creating sysfs group for PROC_THERMAL_PCI
7月 08 08:10:12 g systemd[1]: Created slice system-systemd\x2dbacklight.slice.
7月 08 08:10:12 g systemd[1]: Starting Load/Save Screen Backlight Brightness of backlight:intel_backlight...
7月 08 08:10:12 g kernel: EFI Variables Facility v0.08 2004-May-17
7月 08 08:10:12 g kernel: input: PC Speaker as /devices/platform/pcspkr/input/input13
7月 08 08:10:12 g kernel: i2c_hid i2c-DELL0767:00: i2c-DELL0767:00 supply vdd not found, using dummy regulator
7月 08 08:10:12 g kernel: i2c_hid i2c-DELL0767:00: Linked as a consumer to regulator.0
7月 08 08:10:12 g kernel: i2c_hid i2c-DELL0767:00: i2c-DELL0767:00 supply vddl not found, using dummy regulator
7月 08 08:10:12 g kernel: libphy: r8169: probed
7月 08 08:10:12 g kernel: r8169 0000:03:00.0 eth0: RTL8106e, 64:00:6a:fa:59:d1, XID 44900000, IRQ 130
7月 08 08:10:12 g systemd[1]: Started Load/Save Screen Backlight Brightness of backlight:intel_backlight.
7月 08 08:10:12 g mtp-probe[424]: checking bus 1, device 3: "/sys/devices/pci0000:00/0000:00:14.0/usb1/1-5"
7月 08 08:10:12 g mtp-probe[424]: bus: 1, device: 3 was not an MTP device
7月 08 08:10:12 g mtp-probe[425]: checking bus 1, device 4: "/sys/devices/pci0000:00/0000:00:14.0/usb1/1-6"
7月 08 08:10:12 g mtp-probe[426]: checking bus 1, device 2: "/sys/devices/pci0000:00/0000:00:14.0/usb1/1-3"
7月 08 08:10:12 g mtp-probe[426]: bus: 1, device: 2 was not an MTP device
7月 08 08:10:12 g kernel: input: DELL0767:00 06CB:7E92 Mouse as /devices/pci0000:00/0000:00:15.0/i2c_designware.0/i2c-6/i2c-DELL0767:00/0018:06CB:7E92.0004/input/input14
7月 08 08:10:12 g kernel: input: DELL0767:00 06CB:7E92 Touchpad as /devices/pci0000:00/0000:00:15.0/i2c_designware.0/i2c-6/i2c-DELL0767:00/0018:06CB:7E92.0004/input/input15
7月 08 08:10:12 g kernel: hid-generic 0018:06CB:7E92.0004: input,hidraw3: I2C HID v1.00 Mouse [DELL0767:00 06CB:7E92] on i2c-DELL0767:00
7月 08 08:10:12 g kernel: intel-lpss 0000:00:15.1: enabling device (0000 -> 0002)
7月 08 08:10:12 g kernel: idma64 idma64.1: Found Intel integrated DMA 64-bit
7月 08 08:10:12 g kernel: pstore: Registered efi as persistent store backend
7月 08 08:10:12 g kernel: RAPL PMU: API unit is 2^-32 Joules, 5 fixed counters, 655360 ms ovfl timer
7月 08 08:10:12 g kernel: RAPL PMU: hw unit of domain pp0-core 2^-14 Joules
7月 08 08:10:12 g kernel: RAPL PMU: hw unit of domain package 2^-14 Joules
7月 08 08:10:12 g kernel: RAPL PMU: hw unit of domain dram 2^-14 Joules
7月 08 08:10:12 g kernel: RAPL PMU: hw unit of domain pp1-gpu 2^-14 Joules
7月 08 08:10:12 g kernel: RAPL PMU: hw unit of domain psys 2^-14 Joules
7月 08 08:10:12 g kernel: snd_hda_intel 0000:00:1f.3: enabling device (0000 -> 0002)
7月 08 08:10:12 g kernel: snd_hda_intel 0000:00:1f.3: bound 0000:00:02.0 (ops i915_audio_component_bind_ops [i915])
7月 08 08:10:12 g kernel: Intel(R) Wireless WiFi driver for Linux
7月 08 08:10:12 g kernel: Copyright(c) 2003- 2015 Intel Corporation
7月 08 08:10:12 g kernel: iwlwifi 0000:02:00.0: enabling device (0000 -> 0002)
7月 08 08:10:12 g mtp-probe[425]: bus: 1, device: 4 was not an MTP device
7月 08 08:10:12 g kernel: sd 0:0:0:0: Attached scsi generic sg0 type 0
7月 08 08:10:12 g kernel: sr 1:0:0:0: Attached scsi generic sg1 type 5
7月 08 08:10:12 g kernel: cryptd: max_cpu_qlen set to 1000
7月 08 08:10:13 g kernel: iwlwifi 0000:02:00.0: firmware: direct-loading firmware iwlwifi-7265D-29.ucode
7月 08 08:10:13 g kernel: iwlwifi 0000:02:00.0: loaded firmware version 29.1044073957.0 op_mode iwlmvm
7月 08 08:10:13 g kernel: AVX2 version of gcm_enc/dec engaged.
7月 08 08:10:13 g kernel: AES CTR mode by8 optimization enabled
7月 08 08:10:13 g kernel: alg: No test for fips(ansi_cprng) (fips_ansi_cprng)
7月 08 08:10:13 g kernel: media: Linux media interface: v0.10
7月 08 08:10:13 g kernel: snd_hda_codec_realtek hdaudioC0D0: autoconfig for ALC3246: line_outs=1 (0x14/0x0/0x0/0x0/0x0) type:speaker
7月 08 08:10:13 g kernel: snd_hda_codec_realtek hdaudioC0D0:    speaker_outs=0 (0x0/0x0/0x0/0x0/0x0)
7月 08 08:10:13 g kernel: snd_hda_codec_realtek hdaudioC0D0:    hp_outs=1 (0x21/0x0/0x0/0x0/0x0)
7月 08 08:10:13 g kernel: snd_hda_codec_realtek hdaudioC0D0:    mono: mono_out=0x0
7月 08 08:10:13 g kernel: snd_hda_codec_realtek hdaudioC0D0:    inputs:
7月 08 08:10:13 g kernel: snd_hda_codec_realtek hdaudioC0D0:      Headset Mic=0x19
7月 08 08:10:13 g kernel: snd_hda_codec_realtek hdaudioC0D0:      Headphone Mic=0x1a
7月 08 08:10:13 g kernel: snd_hda_codec_realtek hdaudioC0D0:      Internal Mic=0x12
7月 08 08:10:13 g systemd-udevd[397]: link_config: autonegotiation is unset or enabled, the speed and duplex are not writable.
7月 08 08:10:13 g kernel: videodev: Linux video capture interface: v2.00
7月 08 08:10:13 g kernel: iwlwifi 0000:02:00.0: Detected Intel(R) Dual Band Wireless AC 3165, REV=0x210
7月 08 08:10:13 g kernel: dcdbas dcdbas: Dell Systems Management Base Driver (version 5.6.0-3.2)
7月 08 08:10:13 g systemd[1]: Listening on Load/Save RF Kill Switch Status /dev/rfkill Watch.
7月 08 08:10:13 g kernel: iwlwifi 0000:02:00.0: base HW address: 3c:f8:62:df:cd:cf
7月 08 08:10:13 g kernel: alg: No test for pcbc(aes) (pcbc-aes-aesni)
7月 08 08:10:13 g kernel: Bluetooth: Core ver 2.22
7月 08 08:10:13 g kernel: NET: Registered protocol family 31
7月 08 08:10:13 g kernel: Bluetooth: HCI device and connection manager initialized
7月 08 08:10:13 g kernel: Bluetooth: HCI socket layer initialized
7月 08 08:10:13 g kernel: Bluetooth: L2CAP socket layer initialized
7月 08 08:10:13 g kernel: Bluetooth: SCO socket layer initialized
7月 08 08:10:13 g kernel: uvcvideo: Found UVC 1.00 device Integrated Webcam (1bcf:2c01)
7月 08 08:10:13 g kernel: iTCO_vendor_support: vendor-support=0
7月 08 08:10:13 g kernel: iTCO_wdt: Intel TCO WatchDog Timer Driver v1.11
7月 08 08:10:13 g kernel: iTCO_wdt: Found a Intel PCH TCO device (Version=4, TCOBASE=0x0400)
7月 08 08:10:13 g kernel: iTCO_wdt: initialized. heartbeat=30 sec (nowayout=0)
7月 08 08:10:13 g kernel: input: Dell WMI hotkeys as /devices/platform/PNP0C14:00/wmi_bus/wmi_bus-PNP0C14:00/9DBB5994-A997-11DA-B012-B622A1EF5492/input/input19
7月 08 08:10:13 g systemd[1]: Starting Load/Save RF Kill Switch Status...
7月 08 08:10:13 g kernel: usbcore: registered new interface driver btusb
7月 08 08:10:13 g kernel: Bluetooth: hci0: read Intel version: 370810011003110e00
7月 08 08:10:13 g kernel: bluetooth hci0: firmware: direct-loading firmware intel/ibt-hw-37.8.10-fw-1.10.3.11.e.bseq
7月 08 08:10:13 g kernel: Bluetooth: hci0: Intel Bluetooth firmware file: intel/ibt-hw-37.8.10-fw-1.10.3.11.e.bseq
7月 08 08:10:13 g kernel: uvcvideo 1-5:1.0: Entity type for entity Extension 4 was not initialized!
7月 08 08:10:13 g kernel: uvcvideo 1-5:1.0: Entity type for entity Extension 3 was not initialized!
7月 08 08:10:13 g kernel: uvcvideo 1-5:1.0: Entity type for entity Processing 2 was not initialized!
7月 08 08:10:13 g kernel: uvcvideo 1-5:1.0: Entity type for entity Camera 1 was not initialized!
7月 08 08:10:13 g kernel: input: Integrated Webcam: Integrated W as /devices/pci0000:00/0000:00:14.0/usb1/1-5/1-5:1.0/input/input20
7月 08 08:10:13 g kernel: usbcore: registered new interface driver uvcvideo
7月 08 08:10:13 g kernel: USB Video Class driver (1.1.1)
7月 08 08:10:13 g kernel: ieee80211 phy0: Selected rate control algorithm 'iwl-mvm-rs'
7月 08 08:10:13 g kernel: thermal thermal_zone7: failed to read out thermal zone (-61)
7月 08 08:10:13 g systemd-udevd[371]: Using default interface naming scheme 'v240'.
7月 08 08:10:13 g systemd-udevd[371]: link_config: autonegotiation is unset or enabled, the speed and duplex are not writable.
7月 08 08:10:13 g kernel: r8169 0000:03:00.0 enp3s0: renamed from eth0
7月 08 08:10:13 g kernel: input: HDA Digital PCBeep as /devices/pci0000:00/0000:00:1f.3/sound/card0/input18
7月 08 08:10:13 g kernel: input: HDA Intel PCH Headphone Mic as /devices/pci0000:00/0000:00:1f.3/sound/card0/input21
7月 08 08:10:13 g kernel: input: HDA Intel PCH HDMI/DP,pcm=3 as /devices/pci0000:00/0000:00:1f.3/sound/card0/input22
7月 08 08:10:13 g kernel: input: HDA Intel PCH HDMI/DP,pcm=7 as /devices/pci0000:00/0000:00:1f.3/sound/card0/input23
7月 08 08:10:13 g kernel: input: HDA Intel PCH HDMI/DP,pcm=8 as /devices/pci0000:00/0000:00:1f.3/sound/card0/input24
7月 08 08:10:13 g kernel: input: HDA Intel PCH HDMI/DP,pcm=9 as /devices/pci0000:00/0000:00:1f.3/sound/card0/input25
7月 08 08:10:13 g kernel: input: HDA Intel PCH HDMI/DP,pcm=10 as /devices/pci0000:00/0000:00:1f.3/sound/card0/input26
7月 08 08:10:13 g systemd[1]: Found device SanDisk_X400_2.5_7MM_256GB local.
7月 08 08:10:13 g systemd[1]: Found device SanDisk_X400_2.5_7MM_256GB 7.
7月 08 08:10:13 g kernel: intel_rapl: Found RAPL domain package
7月 08 08:10:13 g kernel: intel_rapl: Found RAPL domain core
7月 08 08:10:13 g kernel: intel_rapl: Found RAPL domain uncore
7月 08 08:10:13 g kernel: intel_rapl: Found RAPL domain dram
7月 08 08:10:13 g systemd[1]: Found device SanDisk_X400_2.5_7MM_256GB home.
7月 08 08:10:13 g systemd-udevd[398]: Using default interface naming scheme 'v240'.
7月 08 08:10:13 g systemd[1]: Found device SanDisk_X400_2.5_7MM_256GB ESP.
7月 08 08:10:13 g systemd-udevd[371]: link_config: autonegotiation is unset or enabled, the speed and duplex are not writable.
7月 08 08:10:13 g kernel: iwlwifi 0000:02:00.0 wlp2s0: renamed from wlan0
7月 08 08:10:13 g systemd[1]: Started Monitoring of LVM2 mirrors, snapshots etc. using dmeventd or progress polling.
7月 08 08:10:13 g systemd[1]: Started Load/Save RF Kill Switch Status.
7月 08 08:10:13 g systemd-udevd[376]: Using default interface naming scheme 'v240'.
7月 08 08:10:13 g systemd[1]: Starting Load Kernel Modules...
7月 08 08:10:13 g systemd[1]: Condition check resulted in Set Up Additional Binary Formats being skipped.
7月 08 08:10:13 g systemd[1]: Condition check resulted in Dispatch Password Requests to Console Directory Watch being skipped.
7月 08 08:10:13 g systemd[1]: Condition check resulted in Rebuild Hardware Database being skipped.
7月 08 08:10:13 g systemd[1]: Reached target Local File Systems (Pre).
7月 08 08:10:13 g systemd-modules-load[633]: Failed to find module 'igfxdcd'
7月 08 08:10:13 g systemd[1]: Mounting Mount unit for mathpix-snipping-tool, revision 36...
7月 08 08:10:13 g systemd[1]: Mounting Mount unit for core, revision 6964...
7月 08 08:10:13 g systemd[1]: Mounting Mount unit for mathpix-snipping-tool, revision 25...
7月 08 08:10:13 g systemd[1]: Mounting Mount unit for mathpix-snipping-tool, revision 35...
7月 08 08:10:13 g systemd[1]: Mounting Mount unit for core, revision 7270...
7月 08 08:10:13 g kernel: loop: module loaded
7月 08 08:10:13 g systemd[1]: Starting File System Check on /dev/disk/by-uuid/AA76-6346...
7月 08 08:10:13 g systemd[1]: home.mount: Directory /home to mount over is not empty, mounting anyway.
7月 08 08:10:13 g systemd[1]: Mounting /home...
7月 08 08:10:13 g systemd[1]: Activating swap /dev/disk/by-uuid/d3947a6a-16d2-47e3-b46a-412131320dbe...
7月 08 08:10:13 g systemd[1]: Mounting /ubuntulocal...
7月 08 08:10:13 g systemd[1]: systemd-modules-load.service: Main process exited, code=exited, status=1/FAILURE
7月 08 08:10:13 g systemd[1]: systemd-modules-load.service: Failed with result 'exit-code'.
7月 08 08:10:13 g systemd[1]: Failed to start Load Kernel Modules.
7月 08 08:10:13 g kernel: input: DELL0767:00 06CB:7E92 Touchpad as /devices/pci0000:00/0000:00:15.0/i2c_designware.0/i2c-6/i2c-DELL0767:00/0018:06CB:7E92.0004/input/input28
7月 08 08:10:13 g kernel: Adding 8285180k swap on /dev/sda7.  Priority:-2 extents:1 across:8285180k SSFS
7月 08 08:10:13 g kernel: hid-multitouch 0018:06CB:7E92.0004: input,hidraw3: I2C HID v1.00 Mouse [DELL0767:00 06CB:7E92] on i2c-DELL0767:00
7月 08 08:10:13 g kernel: EXT4-fs (sda5): mounted filesystem with ordered data mode. Opts: (null)
7月 08 08:10:13 g systemd[1]: Activated swap /dev/disk/by-uuid/d3947a6a-16d2-47e3-b46a-412131320dbe.
7月 08 08:10:13 g kernel: EXT4-fs (sda4): mounted filesystem with ordered data mode. Opts: (null)
7月 08 08:10:13 g systemd[1]: Mounted /home.
7月 08 08:10:13 g systemd[1]: Mounted /ubuntulocal.
7月 08 08:10:13 g systemd[1]: Started File System Check Daemon to report status.
7月 08 08:10:13 g systemd[1]: Reached target Swap.
7月 08 08:10:13 g systemd[1]: Condition check resulted in FUSE Control File System being skipped.
7月 08 08:10:13 g systemd[1]: Condition check resulted in Kernel Configuration File System being skipped.
7月 08 08:10:13 g kernel: squashfs: version 4.0 (2009/01/31) Phillip Lougher
7月 08 08:10:13 g kernel: Bluetooth: hci0: Intel firmware patch completed and activated
7月 08 08:10:13 g systemd-fsck[649]: fsck.fat 4.1 (2017-01-24)
7月 08 08:10:13 g systemd-fsck[649]: /dev/sda1: 208 files, 11274/126976 clusters
7月 08 08:10:13 g systemd[1]: Started File System Check on /dev/disk/by-uuid/AA76-6346.
7月 08 08:10:13 g systemd[1]: Mounting /boot/efi...
7月 08 08:10:13 g systemd[1]: Mounted Mount unit for mathpix-snipping-tool, revision 25.
7月 08 08:10:13 g systemd[1]: Mounted Mount unit for mathpix-snipping-tool, revision 35.
7月 08 08:10:13 g systemd[1]: Mounted /boot/efi.
7月 08 08:10:13 g systemd[1]: Mounted Mount unit for core, revision 6964.
7月 08 08:10:13 g systemd[1]: Mounted Mount unit for core, revision 7270.
7月 08 08:10:13 g systemd[1]: Mounted Mount unit for mathpix-snipping-tool, revision 36.
7月 08 08:10:13 g systemd[1]: Reached target Local File Systems.
7月 08 08:10:13 g systemd[1]: Starting Load AppArmor profiles...
7月 08 08:10:13 g systemd[1]: Starting Enable support for additional executable binary formats...
7月 08 08:10:13 g systemd[1]: Starting Restore /run/initramfs on shutdown...
7月 08 08:10:13 g systemd[1]: Starting Tell Plymouth To Write Out Runtime Data...
7月 08 08:10:13 g systemd[1]: Starting Create Volatile Files and Directories...
7月 08 08:10:13 g systemd[1]: Condition check resulted in Commit a transient machine-id on disk being skipped.
7月 08 08:10:13 g systemd[1]: Starting Set console font and keymap...
7月 08 08:10:13 g systemd[1]: Started Restore /run/initramfs on shutdown.
7月 08 08:10:13 g apparmor.systemd[672]: Restarting AppArmor
7月 08 08:10:13 g apparmor.systemd[672]: Reloading AppArmor profiles
7月 08 08:10:13 g systemd[1]: Started Set console font and keymap.
7月 08 08:10:13 g systemd-tmpfiles[677]: [/usr/lib/tmpfiles.d/speech-dispatcher.conf:1] Line references path below legacy directory /var/run/, updating /var/run/speech-dispatcher → /run/speech-dispatcher; please update the tmpfiles.d/ drop-in file accordingly.
7月 08 08:10:13 g systemd-tmpfiles[677]: [/usr/lib/tmpfiles.d/speech-dispatcher.conf:2] Line references path below legacy directory /var/run/, updating /var/run/speech-dispatcher/.cache → /run/speech-dispatcher/.cache; please update the tmpfiles.d/ drop-in file accordingly.
7月 08 08:10:13 g systemd-tmpfiles[677]: [/usr/lib/tmpfiles.d/speech-dispatcher.conf:3] Line references path below legacy directory /var/run/, updating /var/run/speech-dispatcher/.speech-dispatcher → /run/speech-dispatcher/.speech-dispatcher; please update the tmpfiles.d/ drop-in file accordingly.
7月 08 08:10:13 g systemd[1]: proc-sys-fs-binfmt_misc.automount: Got automount request for /proc/sys/fs/binfmt_misc, triggered by 673 (update-binfmts)
7月 08 08:10:13 g systemd-tmpfiles[677]: [/usr/lib/tmpfiles.d/speech-dispatcher.conf:4] Line references path below legacy directory /var/run/, updating /var/run/speech-dispatcher/.cache/speech-dispatcher → /run/speech-dispatcher/.cache/speech-dispatcher; please update the tmpfiles.d/ drop-in file accordingly.
7月 08 08:10:13 g systemd-tmpfiles[677]: [/usr/lib/tmpfiles.d/speech-dispatcher.conf:5] Line references path below legacy directory /var/run/, updating /var/run/speech-dispatcher/log → /run/speech-dispatcher/log; please update the tmpfiles.d/ drop-in file accordingly.
7月 08 08:10:13 g systemd[1]: plymouth-read-write.service: Succeeded.
7月 08 08:10:13 g systemd[1]: Started Tell Plymouth To Write Out Runtime Data.
7月 08 08:10:13 g systemd[1]: Received SIGRTMIN+20 from PID 204 (plymouthd).
7月 08 08:10:13 g systemd[1]: Mounting Arbitrary Executable File Formats File System...
7月 08 08:10:13 g systemd[1]: Mounted Arbitrary Executable File Formats File System.
7月 08 08:10:13 g systemd[1]: Started Enable support for additional executable binary formats.
7月 08 08:10:13 g systemd[1]: Started Create Volatile Files and Directories.
7月 08 08:10:13 g systemd[1]: Starting Update UTMP about System Boot/Shutdown...
7月 08 08:10:13 g systemd[1]: Starting Network Time Synchronization...
7月 08 08:10:13 g apparmor.systemd[672]: Warning from /etc/apparmor.d (/etc/apparmor.d/usr.lib.snapd.snap-confine line 362): Unconfined exec qualifier (ux) allows some dangerous environment variables to be passed to the unconfined process; 'man 5 apparmor.d' for details.
7月 08 08:10:13 g audit[689]: AVC apparmor="STATUS" operation="profile_load" profile="unconfined" name="/usr/lib/snapd/snap-confine" pid=689 comm="apparmor_parser"
7月 08 08:10:13 g audit[689]: AVC apparmor="STATUS" operation="profile_load" profile="unconfined" name="/usr/lib/snapd/snap-confine//mount-namespace-capture-helper" pid=689 comm="apparmor_parser"
7月 08 08:10:13 g audit[690]: AVC apparmor="STATUS" operation="profile_replace" profile="unconfined" name="/usr/lib/snapd/snap-confine" pid=690 comm="apparmor_parser"
7月 08 08:10:13 g kernel: audit: type=1400 audit(1562544613.987:2): apparmor="STATUS" operation="profile_load" profile="unconfined" name="/usr/lib/snapd/snap-confine" pid=689 comm="apparmor_parser"
7月 08 08:10:13 g kernel: audit: type=1400 audit(1562544613.987:3): apparmor="STATUS" operation="profile_load" profile="unconfined" name="/usr/lib/snapd/snap-confine//mount-namespace-capture-helper" pid=689 comm="apparmor_parser"
7月 08 08:10:13 g kernel: audit: type=1400 audit(1562544613.987:4): apparmor="STATUS" operation="profile_replace" profile="unconfined" name="/usr/lib/snapd/snap-confine" pid=690 comm="apparmor_parser"
7月 08 08:10:13 g systemd[1]: Started Update UTMP about System Boot/Shutdown.
7月 08 08:10:14 g audit[690]: AVC apparmor="STATUS" operation="profile_replace" profile="unconfined" name="/usr/lib/snapd/snap-confine//mount-namespace-capture-helper" pid=690 comm="apparmor_parser"
7月 08 08:10:14 g audit[694]: AVC apparmor="STATUS" operation="profile_load" profile="unconfined" name="libreoffice-oopslash" pid=694 comm="apparmor_parser"
7月 08 08:10:14 g audit[688]: AVC apparmor="STATUS" operation="profile_load" profile="unconfined" name="/usr/lib/x86_64-linux-gnu/lightdm/lightdm-guest-session" pid=688 comm="apparmor_parser"
7月 08 08:10:14 g audit[688]: AVC apparmor="STATUS" operation="profile_load" profile="unconfined" name="/usr/lib/x86_64-linux-gnu/lightdm/lightdm-guest-session//chromium" pid=688 comm="apparmor_parser"
7月 08 08:10:14 g audit[691]: AVC apparmor="STATUS" operation="profile_load" profile="unconfined" name="libreoffice-soffice" pid=691 comm="apparmor_parser"
7月 08 08:10:14 g audit[691]: AVC apparmor="STATUS" operation="profile_load" profile="unconfined" name="libreoffice-soffice//gpg" pid=691 comm="apparmor_parser"
7月 08 08:10:14 g audit[698]: AVC apparmor="STATUS" operation="profile_load" profile="unconfined" name="libreoffice-xpdfimport" pid=698 comm="apparmor_parser"
7月 08 08:10:14 g audit[695]: AVC apparmor="STATUS" operation="profile_load" profile="unconfined" name="libreoffice-senddoc" pid=695 comm="apparmor_parser"
7月 08 08:10:14 g kernel: audit: type=1400 audit(1562544614.007:5): apparmor="STATUS" operation="profile_replace" profile="unconfined" name="/usr/lib/snapd/snap-confine//mount-namespace-capture-helper" pid=690 comm="apparmor_parser"
7月 08 08:10:14 g kernel: audit: type=1400 audit(1562544614.007:6): apparmor="STATUS" operation="profile_load" profile="unconfined" name="libreoffice-oopslash" pid=694 comm="apparmor_parser"
7月 08 08:10:14 g kernel: audit: type=1400 audit(1562544614.007:7): apparmor="STATUS" operation="profile_load" profile="unconfined" name="/usr/lib/x86_64-linux-gnu/lightdm/lightdm-guest-session" pid=688 comm="apparmor_parser"
7月 08 08:10:14 g kernel: audit: type=1400 audit(1562544614.007:8): apparmor="STATUS" operation="profile_load" profile="unconfined" name="/usr/lib/x86_64-linux-gnu/lightdm/lightdm-guest-session//chromium" pid=688 comm="apparmor_parser"
7月 08 08:10:14 g kernel: audit: type=1400 audit(1562544614.007:9): apparmor="STATUS" operation="profile_load" profile="unconfined" name="libreoffice-soffice" pid=691 comm="apparmor_parser"
7月 08 08:10:14 g kernel: audit: type=1400 audit(1562544614.007:10): apparmor="STATUS" operation="profile_load" profile="unconfined" name="libreoffice-soffice//gpg" pid=691 comm="apparmor_parser"
7月 08 08:10:14 g kernel: audit: type=1400 audit(1562544614.007:11): apparmor="STATUS" operation="profile_load" profile="unconfined" name="libreoffice-xpdfimport" pid=698 comm="apparmor_parser"
7月 08 08:10:14 g audit[696]: AVC apparmor="STATUS" operation="profile_load" profile="unconfined" name="/usr/sbin/cups-browsed" pid=696 comm="apparmor_parser"
7月 08 08:10:14 g audit[700]: AVC apparmor="STATUS" operation="profile_load" profile="unconfined" name="/usr/bin/man" pid=700 comm="apparmor_parser"
7月 08 08:10:14 g audit[700]: AVC apparmor="STATUS" operation="profile_load" profile="unconfined" name="man_filter" pid=700 comm="apparmor_parser"
7月 08 08:10:14 g audit[700]: AVC apparmor="STATUS" operation="profile_load" profile="unconfined" name="man_groff" pid=700 comm="apparmor_parser"
7月 08 08:10:14 g audit[697]: AVC apparmor="STATUS" operation="profile_load" profile="unconfined" name="/usr/lib/telepathy/mission-control-5" pid=697 comm="apparmor_parser"
7月 08 08:10:14 g audit[697]: AVC apparmor="STATUS" operation="profile_load" profile="unconfined" name="/usr/lib/telepathy/telepathy-*" pid=697 comm="apparmor_parser"
7月 08 08:10:14 g audit[697]: AVC apparmor="STATUS" operation="profile_load" profile="unconfined" name="/usr/lib/telepathy/telepathy-*//pxgsettings" pid=697 comm="apparmor_parser"
7月 08 08:10:14 g audit[697]: AVC apparmor="STATUS" operation="profile_load" profile="unconfined" name="/usr/lib/telepathy/telepathy-*//sanitized_helper" pid=697 comm="apparmor_parser"
7月 08 08:10:14 g audit[697]: AVC apparmor="STATUS" operation="profile_load" profile="unconfined" name="/usr/lib/telepathy/telepathy-ofono" pid=697 comm="apparmor_parser"
7月 08 08:10:14 g audit[702]: AVC apparmor="STATUS" operation="profile_load" profile="unconfined" name="nvidia_modprobe" pid=702 comm="apparmor_parser"
7月 08 08:10:14 g audit[702]: AVC apparmor="STATUS" operation="profile_load" profile="unconfined" name="nvidia_modprobe//kmod" pid=702 comm="apparmor_parser"
7月 08 08:10:14 g audit[701]: AVC apparmor="STATUS" operation="profile_load" profile="unconfined" name="/usr/lib/cups/backend/cups-pdf" pid=701 comm="apparmor_parser"
7月 08 08:10:14 g audit[701]: AVC apparmor="STATUS" operation="profile_load" profile="unconfined" name="/usr/sbin/cupsd" pid=701 comm="apparmor_parser"
7月 08 08:10:14 g audit[701]: AVC apparmor="STATUS" operation="profile_load" profile="unconfined" name="/usr/sbin/cupsd//third_party" pid=701 comm="apparmor_parser"
7月 08 08:10:14 g audit[699]: AVC apparmor="STATUS" operation="profile_load" profile="unconfined" name="/usr/bin/evince" pid=699 comm="apparmor_parser"
7月 08 08:10:14 g audit[699]: AVC apparmor="STATUS" operation="profile_load" profile="unconfined" name="/usr/bin/evince//sanitized_helper" pid=699 comm="apparmor_parser"
7月 08 08:10:14 g audit[699]: AVC apparmor="STATUS" operation="profile_load" profile="unconfined" name="/usr/bin/evince-previewer" pid=699 comm="apparmor_parser"
7月 08 08:10:14 g audit[699]: AVC apparmor="STATUS" operation="profile_load" profile="unconfined" name="/usr/bin/evince-previewer//sanitized_helper" pid=699 comm="apparmor_parser"
7月 08 08:10:14 g audit[699]: AVC apparmor="STATUS" operation="profile_load" profile="unconfined" name="/usr/bin/evince-thumbnailer" pid=699 comm="apparmor_parser"
7月 08 08:10:14 g audit[706]: AVC apparmor="STATUS" operation="profile_load" profile="unconfined" name="snap.core.hook.configure" pid=706 comm="apparmor_parser"
7月 08 08:10:14 g audit[705]: AVC apparmor="STATUS" operation="profile_load" profile="unconfined" name="snap.mathpix-snipping-tool.mathpix-snipping-tool" pid=705 comm="apparmor_parser"
7月 08 08:10:14 g audit[707]: AVC apparmor="STATUS" operation="profile_load" profile="unconfined" name="snap-update-ns.core" pid=707 comm="apparmor_parser"
7月 08 08:10:14 g audit[708]: AVC apparmor="STATUS" operation="profile_load" profile="unconfined" name="/snap/core/7270/usr/lib/snapd/snap-confine" pid=708 comm="apparmor_parser"
7月 08 08:10:14 g audit[708]: AVC apparmor="STATUS" operation="profile_load" profile="unconfined" name="/snap/core/7270/usr/lib/snapd/snap-confine//mount-namespace-capture-helper" pid=708 comm="apparmor_parser"
